Component: ARM Compiler 5.06 update 4 (build 422) Tool: armlink [4d35d2]

==============================================================================

Section Cross References

    ch32f20x_it.o(i.TIM6_IRQHandler) refers to ch32f20x_tim.o(i.TIM_GetITStatus) for TIM_GetITStatus
    ch32f20x_it.o(i.TIM6_IRQHandler) refers to ch32f20x_tim.o(i.TIM_ClearITPendingBit) for TIM_ClearITPendingBit
    ch32f20x_it.o(i.TIM6_IRQHandler) refers to main.o(.data) for time
    main.o(i.main) refers to basic_tim.o(i.BASIC_TIM_Init) for BASIC_TIM_Init
    main.o(i.main) refers to encoder.o(i.Encoder_Init) for Encoder_Init
    main.o(i.main) refers to usart.o(i.USARTx_CFG) for USARTx_CFG
    main.o(i.main) refers to moto.o(i.GPIO_Toggle_INIT) for GPIO_Toggle_INIT
    main.o(i.main) refers to pwm.o(i.TIM3_CH3_PWM_Init) for TIM3_CH3_PWM_Init
    main.o(i.main) refers to getc.o(i.getc) for getc
    main.o(i.main) refers to printf2.o(i.__0printf$2) for __2printf
    main.o(i.main) refers to moto.o(i.MotorForward) for MotorForward
    main.o(i.main) refers to moto.o(i.MotorBack) for MotorBack
    main.o(i.main) refers to moto.o(i.MotorStop) for MotorStop
    main.o(i.main) refers to moto.o(i.MotorRight) for MotorRight
    main.o(i.main) refers to moto.o(i.MotorLeft) for MotorLeft
    main.o(i.main) refers to moto.o(i.Right) for Right
    main.o(i.main) refers to moto.o(i.Left) for Left
    main.o(i.main) refers to moto.o(i.LeftForward) for LeftForward
    main.o(i.main) refers to moto.o(i.RightForward) for RightForward
    main.o(i.main) refers to moto.o(i.Circuit) for Circuit
    main.o(i.main) refers to stdin.o(.data) for __stdin
    system_ch32f20x.o(i.SetSysClock) refers to system_ch32f20x.o(i.SetSysClockTo72) for SetSysClockTo72
    system_ch32f20x.o(i.SystemCoreClockUpdate) refers to system_ch32f20x.o(.data) for SystemCoreClock
    system_ch32f20x.o(i.SystemInit) refers to system_ch32f20x.o(i.SetSysClock) for SetSysClock
    encoder.o(i.Encoder_Init) refers to encoder.o(i.Encoder_Init1) for Encoder_Init1
    encoder.o(i.Encoder_Init) refers to encoder.o(i.Encoder_Init2) for Encoder_Init2
    encoder.o(i.Encoder_Init) refers to encoder.o(i.Encoder_Init3) for Encoder_Init3
    encoder.o(i.Encoder_Init) refers to encoder.o(i.Encoder_Init4) for Encoder_Init4
    encoder.o(i.Encoder_Init1) refers to ch32f20x_rcc.o(i.RCC_APB2PeriphClockCmd) for RCC_APB2PeriphClockCmd
    encoder.o(i.Encoder_Init1) refers to ch32f20x_rcc.o(i.RCC_APB1PeriphClockCmd) for RCC_APB1PeriphClockCmd
    encoder.o(i.Encoder_Init1) refers to ch32f20x_gpio.o(i.GPIO_Init) for GPIO_Init
    encoder.o(i.Encoder_Init1) refers to ch32f20x_tim.o(i.TIM_TimeBaseInit) for TIM_TimeBaseInit
    encoder.o(i.Encoder_Init1) refers to ch32f20x_tim.o(i.TIM_EncoderInterfaceConfig) for TIM_EncoderInterfaceConfig
    encoder.o(i.Encoder_Init1) refers to ch32f20x_tim.o(i.TIM_ICStructInit) for TIM_ICStructInit
    encoder.o(i.Encoder_Init1) refers to ch32f20x_tim.o(i.TIM_ICInit) for TIM_ICInit
    encoder.o(i.Encoder_Init1) refers to ch32f20x_tim.o(i.TIM_SetCounter) for TIM_SetCounter
    encoder.o(i.Encoder_Init1) refers to ch32f20x_tim.o(i.TIM_Cmd) for TIM_Cmd
    encoder.o(i.Encoder_Init2) refers to ch32f20x_rcc.o(i.RCC_APB2PeriphClockCmd) for RCC_APB2PeriphClockCmd
    encoder.o(i.Encoder_Init2) refers to ch32f20x_gpio.o(i.GPIO_Init) for GPIO_Init
    encoder.o(i.Encoder_Init2) refers to ch32f20x_tim.o(i.TIM_DeInit) for TIM_DeInit
    encoder.o(i.Encoder_Init2) refers to ch32f20x_tim.o(i.TIM_TimeBaseStructInit) for TIM_TimeBaseStructInit
    encoder.o(i.Encoder_Init2) refers to ch32f20x_tim.o(i.TIM_ARRPreloadConfig) for TIM_ARRPreloadConfig
    encoder.o(i.Encoder_Init2) refers to ch32f20x_tim.o(i.TIM_TimeBaseInit) for TIM_TimeBaseInit
    encoder.o(i.Encoder_Init2) refers to ch32f20x_tim.o(i.TIM_EncoderInterfaceConfig) for TIM_EncoderInterfaceConfig
    encoder.o(i.Encoder_Init2) refers to ch32f20x_tim.o(i.TIM_ICStructInit) for TIM_ICStructInit
    encoder.o(i.Encoder_Init2) refers to ch32f20x_tim.o(i.TIM_ICInit) for TIM_ICInit
    encoder.o(i.Encoder_Init2) refers to ch32f20x_tim.o(i.TIM_ClearFlag) for TIM_ClearFlag
    encoder.o(i.Encoder_Init2) refers to ch32f20x_tim.o(i.TIM_SetCounter) for TIM_SetCounter
    encoder.o(i.Encoder_Init2) refers to ch32f20x_tim.o(i.TIM_Cmd) for TIM_Cmd
    encoder.o(i.Encoder_Init3) refers to ch32f20x_rcc.o(i.RCC_APB2PeriphClockCmd) for RCC_APB2PeriphClockCmd
    encoder.o(i.Encoder_Init3) refers to ch32f20x_rcc.o(i.RCC_APB1PeriphClockCmd) for RCC_APB1PeriphClockCmd
    encoder.o(i.Encoder_Init3) refers to ch32f20x_gpio.o(i.GPIO_Init) for GPIO_Init
    encoder.o(i.Encoder_Init3) refers to ch32f20x_tim.o(i.TIM_TimeBaseInit) for TIM_TimeBaseInit
    encoder.o(i.Encoder_Init3) refers to ch32f20x_tim.o(i.TIM_EncoderInterfaceConfig) for TIM_EncoderInterfaceConfig
    encoder.o(i.Encoder_Init3) refers to ch32f20x_tim.o(i.TIM_ICStructInit) for TIM_ICStructInit
[...]
    dfixi.o(.text) refers (Special) to iusefp.o(.text) for __I$use$fp
    dfixi.o(.text) refers to llushr.o(.text) for __aeabi_llsr
    entry2.o(.ARM.Collect$$$$00000001) refers to entry2.o(.ARM.Collect$$$$00002712) for __lit__00000000
    entry2.o(.ARM.Collect$$$$00002712) refers to startup_ch32f20x_d8.o(STACK) for __initial_sp
    entry2.o(__vectab_stack_and_reset_area) refers to startup_ch32f20x_d8.o(STACK) for __initial_sp
    entry2.o(__vectab_stack_and_reset_area) refers to entry.o(.ARM.Collect$$$$00000000) for __main
    entry5.o(.ARM.Collect$$$$00000004) refers to init.o(.text) for __scatterload
    entry9a.o(.ARM.Collect$$$$0000000B) refers to main.o(i.main) for main
    entry9b.o(.ARM.Collect$$$$0000000C) refers to main.o(i.main) for main
    uldiv.o(.text) refers to llushr.o(.text) for __aeabi_llsr
    uldiv.o(.text) refers to llshl.o(.text) for __aeabi_llsl
    depilogue.o(.text) refers to llshl.o(.text) for __aeabi_llsl
    depilogue.o(.text) refers to llushr.o(.text) for __aeabi_llsr
    dadd.o(.text) refers to llshl.o(.text) for __aeabi_llsl
    dadd.o(.text) refers to llsshr.o(.text) for __aeabi_lasr
    dadd.o(.text) refers to depilogue.o(.text) for _double_epilogue
    ddiv.o(.text) refers to depilogue.o(.text) for _double_round
    dfixul.o(.text) refers to llushr.o(.text) for __aeabi_llsr
    dfixul.o(.text) refers to llshl.o(.text) for __aeabi_llsl
    init.o(.text) refers to entry5.o(.ARM.Collect$$$$00000004) for __main_after_scatterload


==============================================================================

Removing Unused input sections from the image.

    Removing system_ch32f20x.o(i.SystemCoreClockUpdate), (204 bytes).
    Removing system_ch32f20x.o(.data), (20 bytes).
    Removing moto.o(i.PID_SetCompare1), (176 bytes).
    Removing moto.o(i.PID_SetCompare2), (176 bytes).
    Removing moto.o(i.PID_SetCompare3), (176 bytes).
    Removing moto.o(i.PID_SetCompare4), (176 bytes).
    Removing moto.o(i.Read_Encoder_test), (18 bytes).
    Removing moto.o(i.delay), (56 bytes).
    Removing moto.o(.data), (16 bytes).
    Removing usart.o(i.Usart_SendByte), (30 bytes).
    Removing usart.o(i.Usart_Senddarray), (48 bytes).
    Removing usart.o(i.Usart_Sendhalf), (60 bytes).
    Removing usart.o(i.Usart_Sendstr), (58 bytes).
    Removing startup_ch32f20x_d8.o(HEAP), (512 bytes).
    Removing core_cm3.o(.emb_text), (32 bytes).
    Removing debug.o(i.Delay_Init), (68 bytes).
    Removing debug.o(i.Delay_Ms), (76 bytes).
    Removing debug.o(i.Delay_Us), (76 bytes).
    Removing debug.o(i.USART_Printf_Init), (104 bytes).
    Removing ch32f20x_adc.o(i.ADC_AnalogWatchdogCmd), (20 bytes).
    Removing ch32f20x_adc.o(i.ADC_AnalogWatchdogSingleChannelConfig), (16 bytes).
    Removing ch32f20x_adc.o(i.ADC_AnalogWatchdogThresholdsConfig), (6 bytes).
    Removing ch32f20x_adc.o(i.ADC_AutoInjectedConvCmd), (22 bytes).
    Removing ch32f20x_adc.o(i.ADC_BufferCmd), (22 bytes).
    Removing ch32f20x_adc.o(i.ADC_ClearFlag), (6 bytes).
    Removing ch32f20x_adc.o(i.ADC_ClearITPendingBit), (10 bytes).
    Removing ch32f20x_adc.o(i.ADC_Cmd), (22 bytes).
    Removing ch32f20x_adc.o(i.ADC_DMACmd), (22 bytes).
    Removing ch32f20x_adc.o(i.ADC_DeInit), (60 bytes).
    Removing ch32f20x_adc.o(i.ADC_DiscModeChannelCountConfig), (24 bytes).
    Removing ch32f20x_adc.o(i.ADC_DiscModeCmd), (22 bytes).
    Removing ch32f20x_adc.o(i.ADC_ExternalTrigConvCmd), (22 bytes).
    Removing ch32f20x_adc.o(i.ADC_ExternalTrigInjectedConvCmd), (22 bytes).
    Removing ch32f20x_adc.o(i.ADC_ExternalTrigInjectedConvConfig), (16 bytes).
    Removing ch32f20x_adc.o(i.ADC_GetCalibrationStatus), (20 bytes).
    Removing ch32f20x_adc.o(i.ADC_GetConversionValue), (8 bytes).
    Removing ch32f20x_adc.o(i.ADC_GetDualModeConversionValue), (12 bytes).
    Removing ch32f20x_adc.o(i.ADC_GetFlagStatus), (18 bytes).
    Removing ch32f20x_adc.o(i.ADC_GetITStatus), (36 bytes).
    Removing ch32f20x_adc.o(i.ADC_GetInjectedConversionValue), (28 bytes).
    Removing ch32f20x_adc.o(i.ADC_GetResetCalibrationStatus), (20 bytes).
    Removing ch32f20x_adc.o(i.ADC_GetSoftwareStartConvStatus), (20 bytes).
    Removing ch32f20x_adc.o(i.ADC_GetSoftwareStartInjectedConvCmdStatus), (20 bytes).
    Removing ch32f20x_adc.o(i.ADC_ITConfig), (24 bytes).
    Removing ch32f20x_adc.o(i.ADC_Init), (88 bytes).
    Removing ch32f20x_adc.o(i.ADC_InjectedChannelConfig), (130 bytes).
    Removing ch32f20x_adc.o(i.ADC_InjectedDiscModeCmd), (22 bytes).
    Removing ch32f20x_adc.o(i.ADC_InjectedSequencerLengthConfig), (24 bytes).
    Removing ch32f20x_adc.o(i.ADC_RegularChannelConfig), (184 bytes).
    Removing ch32f20x_adc.o(i.ADC_ResetCalibration), (10 bytes).
    Removing ch32f20x_adc.o(i.ADC_SetInjectedOffset), (20 bytes).
    Removing ch32f20x_adc.o(i.ADC_SoftwareStartConvCmd), (22 bytes).
    Removing ch32f20x_adc.o(i.ADC_SoftwareStartInjectedConvCmd), (22 bytes).
    Removing ch32f20x_adc.o(i.ADC_StartCalibration), (10 bytes).
    Removing ch32f20x_adc.o(i.ADC_StructInit), (18 bytes).
    Removing ch32f20x_adc.o(i.ADC_TempSensorVrefintCmd), (36 bytes).
    Removing ch32f20x_adc.o(i.Get_CalibrationValue), (300 bytes).
    Removing ch32f20x_adc.o(i.TempSensor_Volt_To_Temper), (48 bytes).
    Removing ch32f20x_bkp.o(i.BKP_ClearFlag), (20 bytes).
    Removing ch32f20x_bkp.o(i.BKP_ClearITPendingBit), (20 bytes).
    Removing ch32f20x_bkp.o(i.BKP_DeInit), (16 bytes).
    Removing ch32f20x_bkp.o(i.BKP_GetFlagStatus), (24 bytes).
    Removing ch32f20x_bkp.o(i.BKP_GetITStatus), (24 bytes).
    Removing ch32f20x_bkp.o(i.BKP_ITConfig), (36 bytes).
    Removing ch32f20x_bkp.o(i.BKP_RTCOutputConfig), (28 bytes).
    Removing ch32f20x_bkp.o(i.BKP_ReadBackupRegister), (28 bytes).
    Removing ch32f20x_bkp.o(i.BKP_SetRTCCalibrationValue), (28 bytes).
    Removing ch32f20x_bkp.o(i.BKP_TamperPinCmd), (36 bytes).
    Removing ch32f20x_bkp.o(i.BKP_TamperPinLevelConfig), (36 bytes).
    Removing ch32f20x_bkp.o(i.BKP_WriteBackupRegister), (28 bytes).
    Removing ch32f20x_can.o(i.CAN_CancelTransmit), (48 bytes).
    Removing ch32f20x_can.o(i.CAN_ClearFlag), (56 bytes).
    Removing ch32f20x_can.o(i.CAN_ClearITPendingBit), (168 bytes).
    Removing ch32f20x_can.o(i.CAN_DBGFreeze), (22 bytes).
    Removing ch32f20x_can.o(i.CAN_DeInit), (56 bytes).
    Removing ch32f20x_can.o(i.CAN_FIFORelease), (22 bytes).
    Removing ch32f20x_can.o(i.CAN_FilterInit), (264 bytes).
    Removing ch32f20x_can.o(i.CAN_GetFlagStatus), (120 bytes).
    Removing ch32f20x_can.o(i.CAN_GetITStatus), (288 bytes).
    Removing ch32f20x_can.o(i.CAN_GetLSBTransmitErrorCounter), (12 bytes).
    Removing ch32f20x_can.o(i.CAN_GetLastErrorCode), (12 bytes).
    Removing ch32f20x_can.o(i.CAN_GetReceiveErrorCounter), (10 bytes).
    Removing ch32f20x_can.o(i.CAN_ITConfig), (18 bytes).
    Removing ch32f20x_can.o(i.CAN_Init), (276 bytes).
    Removing ch32f20x_can.o(i.CAN_MessagePending), (30 bytes).
    Removing ch32f20x_can.o(i.CAN_OperatingModeRequest), (162 bytes).
    Removing ch32f20x_can.o(i.CAN_Receive), (240 bytes).
    Removing ch32f20x_can.o(i.CAN_SlaveStartBank), (52 bytes).
    Removing ch32f20x_can.o(i.CAN_Sleep), (30 bytes).
    Removing ch32f20x_can.o(i.CAN_StructInit), (32 bytes).
    Removing ch32f20x_can.o(i.CAN_TTComModeCmd), (118 bytes).
    Removing ch32f20x_can.o(i.CAN_Transmit), (294 bytes).
    Removing ch32f20x_can.o(i.CAN_TransmitStatus), (160 bytes).
    Removing ch32f20x_can.o(i.CAN_WakeUp), (48 bytes).
    Removing ch32f20x_can.o(i.CheckITStatus), (18 bytes).
    Removing ch32f20x_crc.o(i.CRC_CalcBlockCRC), (36 bytes).
    Removing ch32f20x_crc.o(i.CRC_CalcCRC), (16 bytes).
    Removing ch32f20x_crc.o(i.CRC_GetCRC), (12 bytes).
    Removing ch32f20x_crc.o(i.CRC_GetIDRegister), (12 bytes).
    Removing ch32f20x_crc.o(i.CRC_ResetDR), (12 bytes).
    Removing ch32f20x_crc.o(i.CRC_SetIDRegister), (12 bytes).
    Removing ch32f20x_dac.o(i.DAC_Cmd), (40 bytes).
    Removing ch32f20x_dac.o(i.DAC_DMACmd), (44 bytes).
    Removing ch32f20x_dac.o(i.DAC_DeInit), (22 bytes).
    Removing ch32f20x_dac.o(i.DAC_DualSoftwareTriggerCmd), (36 bytes).
    Removing ch32f20x_dac.o(i.DAC_GetDataOutputValue), (36 bytes).
    Removing ch32f20x_dac.o(i.DAC_Init), (52 bytes).
    Removing ch32f20x_dac.o(i.DAC_SetChannel1Data), (32 bytes).
    Removing ch32f20x_dac.o(i.DAC_SetChannel2Data), (32 bytes).
    Removing ch32f20x_dac.o(i.DAC_SetDualChannelData), (36 bytes).
    Removing ch32f20x_dac.o(i.DAC_SoftwareTriggerCmd), (44 bytes).
    Removing ch32f20x_dac.o(i.DAC_StructInit), (12 bytes).
    Removing ch32f20x_dac.o(i.DAC_WaveGenerationCmd), (40 bytes).
    Removing ch32f20x_dbgmcu.o(i.DBGMCU_Config), (32 bytes).
    Removing ch32f20x_dbgmcu.o(i.DBGMCU_GetDEVID), (16 bytes).
    Removing ch32f20x_dbgmcu.o(i.DBGMCU_GetREVID), (12 bytes).
    Removing ch32f20x_dma.o(i.DMA_ClearFlag), (48 bytes).
    Removing ch32f20x_dma.o(i.DMA_ClearITPendingBit), (48 bytes).
    Removing ch32f20x_dma.o(i.DMA_Cmd), (24 bytes).
    Removing ch32f20x_dma.o(i.DMA_DeInit), (516 bytes).
    Removing ch32f20x_dma.o(i.DMA_GetCurrDataCounter), (8 bytes).
    Removing ch32f20x_dma.o(i.DMA_GetFlagStatus), (68 bytes).
    Removing ch32f20x_dma.o(i.DMA_GetITStatus), (68 bytes).
    Removing ch32f20x_dma.o(i.DMA_ITConfig), (18 bytes).
    Removing ch32f20x_dma.o(i.DMA_Init), (60 bytes).
    Removing ch32f20x_dma.o(i.DMA_SetCurrDataCounter), (4 bytes).
    Removing ch32f20x_dma.o(i.DMA_StructInit), (26 bytes).
    Removing ch32f20x_dvp.o(i.DVP_Cfg), (124 bytes).
    Removing ch32f20x_dvp.o(i.DVP_INTCfg), (32 bytes).
    Removing ch32f20x_dvp.o(i.DVP_Mode), (72 bytes).
    Removing ch32f20x_exti.o(i.EXTI_ClearFlag), (12 bytes).
    Removing ch32f20x_exti.o(i.EXTI_ClearITPendingBit), (12 bytes).
    Removing ch32f20x_exti.o(i.EXTI_DeInit), (36 bytes).
    Removing ch32f20x_exti.o(i.EXTI_GenerateSWInterrupt), (16 bytes).
    Removing ch32f20x_exti.o(i.EXTI_GetFlagStatus), (24 bytes).
    Removing ch32f20x_exti.o(i.EXTI_GetITStatus), (40 bytes).
    Removing ch32f20x_exti.o(i.EXTI_Init), (148 bytes).
    Removing ch32f20x_exti.o(i.EXTI_StructInit), (16 bytes).
    Removing ch32f20x_flash.o(i.EEPROM_ERASE), (60 bytes).
    Removing ch32f20x_flash.o(i.EEPROM_READ), (64 bytes).
    Removing ch32f20x_flash.o(i.EEPROM_WRITE), (72 bytes).
    Removing ch32f20x_flash.o(i.FLASH_ClearFlag), (12 bytes).
    Removing ch32f20x_flash.o(i.FLASH_EnableWriteProtection), (268 bytes).
    Removing ch32f20x_flash.o(i.FLASH_Enhance_Mode), (64 bytes).
    Removing ch32f20x_flash.o(i.FLASH_EraseAllBank1Pages), (72 bytes).
    Removing ch32f20x_flash.o(i.FLASH_EraseAllPages), (72 bytes).
    Removing ch32f20x_flash.o(i.FLASH_EraseBlock_32K_Fast), (60 bytes).
    Removing ch32f20x_flash.o(i.FLASH_EraseBlock_64K_Fast), (60 bytes).
    Removing ch32f20x_flash.o(i.FLASH_EraseOptionBytes), (244 bytes).
    Removing ch32f20x_flash.o(i.FLASH_ErasePage), (76 bytes).
    Removing ch32f20x_flash.o(i.FLASH_ErasePage_Fast), (60 bytes).
    Removing ch32f20x_flash.o(i.FLASH_GetBank1Status), (52 bytes).
    Removing ch32f20x_flash.o(i.FLASH_GetFlagStatus), (48 bytes).
    Removing ch32f20x_flash.o(i.FLASH_GetMACAddress), (36 bytes).
    Removing ch32f20x_flash.o(i.FLASH_GetReadOutProtectionStatus), (24 bytes).
    Removing ch32f20x_flash.o(i.FLASH_GetStatus), (52 bytes).
    Removing ch32f20x_flash.o(i.FLASH_GetUserOptionByte), (12 bytes).
    Removing ch32f20x_flash.o(i.FLASH_GetWriteProtectionOptionByte), (12 bytes).
    Removing ch32f20x_flash.o(i.FLASH_ITConfig), (32 bytes).
    Removing ch32f20x_flash.o(i.FLASH_Lock), (20 bytes).
    Removing ch32f20x_flash.o(i.FLASH_LockBank1), (20 bytes).
    Removing ch32f20x_flash.o(i.FLASH_Lock_Fast), (20 bytes).
    Removing ch32f20x_flash.o(i.FLASH_ProgramHalfWord), (68 bytes).
    Removing ch32f20x_flash.o(i.FLASH_ProgramOptionByteData), (244 bytes).
    Removing ch32f20x_flash.o(i.FLASH_ProgramPage_Fast), (124 bytes).
    Removing ch32f20x_flash.o(i.FLASH_ProgramWord), (112 bytes).
    Removing ch32f20x_flash.o(i.FLASH_ReadOutProtection), (240 bytes).
    Removing ch32f20x_flash.o(i.FLASH_Unlock), (24 bytes).
    Removing ch32f20x_flash.o(i.FLASH_UnlockBank1), (24 bytes).
    Removing ch32f20x_flash.o(i.FLASH_Unlock_Fast), (32 bytes).
    Removing ch32f20x_flash.o(i.FLASH_UserOptionByteConfig), (244 bytes).
    Removing ch32f20x_flash.o(i.FLASH_WaitForLastBank1Operation), (38 bytes).
    Removing ch32f20x_flash.o(i.FLASH_WaitForLastOperation), (38 bytes).
    Removing ch32f20x_fsmc.o(i.FSMC_ClearFlag), (20 bytes).
    Removing ch32f20x_fsmc.o(i.FSMC_ClearITPendingBit), (22 bytes).
    Removing ch32f20x_fsmc.o(i.FSMC_GetECC), (16 bytes).
    Removing ch32f20x_fsmc.o(i.FSMC_GetFlagStatus), (32 bytes).
    Removing ch32f20x_fsmc.o(i.FSMC_GetITStatus), (42 bytes).
    Removing ch32f20x_fsmc.o(i.FSMC_ITConfig), (44 bytes).
    Removing ch32f20x_fsmc.o(i.FSMC_NANDCmd), (52 bytes).
    Removing ch32f20x_fsmc.o(i.FSMC_NANDDeInit), (26 bytes).
    Removing ch32f20x_fsmc.o(i.FSMC_NANDECCCmd), (52 bytes).
    Removing ch32f20x_fsmc.o(i.FSMC_NANDInit), (112 bytes).
    Removing ch32f20x_fsmc.o(i.FSMC_NANDStructInit), (54 bytes).
    Removing ch32f20x_fsmc.o(i.FSMC_NORSRAMCmd), (52 bytes).
    Removing ch32f20x_fsmc.o(i.FSMC_NORSRAMDeInit), (54 bytes).
    Removing ch32f20x_fsmc.o(i.FSMC_NORSRAMInit), (230 bytes).
    Removing ch32f20x_fsmc.o(i.FSMC_NORSRAMStructInit), (114 bytes).
    Removing ch32f20x_gpio.o(i.GPIO_AFIODeInit), (20 bytes).
    Removing ch32f20x_gpio.o(i.GPIO_DeInit), (144 bytes).
    Removing ch32f20x_gpio.o(i.GPIO_ETH_MediaInterfaceConfig), (36 bytes).
    Removing ch32f20x_gpio.o(i.GPIO_EXTILineConfig), (64 bytes).
    Removing ch32f20x_gpio.o(i.GPIO_EventOutputCmd), (36 bytes).
    Removing ch32f20x_gpio.o(i.GPIO_EventOutputConfig), (32 bytes).
    Removing ch32f20x_gpio.o(i.GPIO_PinLockConfig), (18 bytes).
    Removing ch32f20x_gpio.o(i.GPIO_PinRemapConfig), (208 bytes).
    Removing ch32f20x_gpio.o(i.GPIO_ReadInputData), (8 bytes).
    Removing ch32f20x_gpio.o(i.GPIO_ReadInputDataBit), (18 bytes).
    Removing ch32f20x_gpio.o(i.GPIO_ReadOutputData), (8 bytes).
    Removing ch32f20x_gpio.o(i.GPIO_ReadOutputDataBit), (18 bytes).
    Removing ch32f20x_gpio.o(i.GPIO_StructInit), (16 bytes).
    Removing ch32f20x_gpio.o(i.GPIO_Write), (4 bytes).
    Removing ch32f20x_gpio.o(i.GPIO_WriteBit), (10 bytes).
    Removing ch32f20x_i2c.o(i.I2C_ARPCmd), (24 bytes).
    Removing ch32f20x_i2c.o(i.I2C_AcknowledgeConfig), (24 bytes).
    Removing ch32f20x_i2c.o(i.I2C_CalculatePEC), (24 bytes).
    Removing ch32f20x_i2c.o(i.I2C_CheckEvent), (42 bytes).
    Removing ch32f20x_i2c.o(i.I2C_ClearFlag), (12 bytes).
    Removing ch32f20x_i2c.o(i.I2C_ClearITPendingBit), (12 bytes).
    Removing ch32f20x_i2c.o(i.I2C_Cmd), (24 bytes).
    Removing ch32f20x_i2c.o(i.I2C_DMACmd), (24 bytes).
    Removing ch32f20x_i2c.o(i.I2C_DMALastTransferCmd), (24 bytes).
    Removing ch32f20x_i2c.o(i.I2C_DeInit), (56 bytes).
    Removing ch32f20x_i2c.o(i.I2C_DualAddressCmd), (24 bytes).
    Removing ch32f20x_i2c.o(i.I2C_FastModeDutyCycleConfig), (28 bytes).
    Removing ch32f20x_i2c.o(i.I2C_GeneralCallCmd), (24 bytes).
    Removing ch32f20x_i2c.o(i.I2C_GenerateSTART), (24 bytes).
    Removing ch32f20x_i2c.o(i.I2C_GenerateSTOP), (24 bytes).
    Removing ch32f20x_i2c.o(i.I2C_GetFlagStatus), (58 bytes).
    Removing ch32f20x_i2c.o(i.I2C_GetITStatus), (38 bytes).
    Removing ch32f20x_i2c.o(i.I2C_GetLastEvent), (26 bytes).
    Removing ch32f20x_i2c.o(i.I2C_GetPEC), (8 bytes).
    Removing ch32f20x_i2c.o(i.I2C_ITConfig), (18 bytes).
    Removing ch32f20x_i2c.o(i.I2C_Init), (236 bytes).
    Removing ch32f20x_i2c.o(i.I2C_NACKPositionConfig), (28 bytes).
    Removing ch32f20x_i2c.o(i.I2C_OwnAddress2Config), (22 bytes).
    Removing ch32f20x_i2c.o(i.I2C_PECPositionConfig), (28 bytes).
    Removing ch32f20x_i2c.o(i.I2C_ReadRegister), (22 bytes).
    Removing ch32f20x_i2c.o(i.I2C_ReceiveData), (8 bytes).
    Removing ch32f20x_i2c.o(i.I2C_SMBusAlertConfig), (28 bytes).
    Removing ch32f20x_i2c.o(i.I2C_Send7bitAddress), (18 bytes).
    Removing ch32f20x_i2c.o(i.I2C_SendData), (4 bytes).
    Removing ch32f20x_i2c.o(i.I2C_SoftwareResetCmd), (22 bytes).
    Removing ch32f20x_i2c.o(i.I2C_StretchClockCmd), (24 bytes).
    Removing ch32f20x_i2c.o(i.I2C_StructInit), (30 bytes).
    Removing ch32f20x_i2c.o(i.I2C_TransmitPEC), (24 bytes).
    Removing ch32f20x_iwdg.o(i.IWDG_Enable), (16 bytes).
    Removing ch32f20x_iwdg.o(i.IWDG_GetFlagStatus), (24 bytes).
    Removing ch32f20x_iwdg.o(i.IWDG_ReloadCounter), (16 bytes).
    Removing ch32f20x_iwdg.o(i.IWDG_SetPrescaler), (12 bytes).
    Removing ch32f20x_iwdg.o(i.IWDG_SetReload), (12 bytes).
    Removing ch32f20x_iwdg.o(i.IWDG_WriteAccessCmd), (12 bytes).
    Removing ch32f20x_misc.o(i.NVIC_SetVectorTable), (20 bytes).
    Removing ch32f20x_misc.o(i.NVIC_SystemLPConfig), (32 bytes).
    Removing ch32f20x_misc.o(i.SysTick_CLKSourceConfig), (40 bytes).
    Removing ch32f20x_opa.o(i.OPA_Cmd), (48 bytes).
    Removing ch32f20x_opa.o(i.OPA_DeInit), (12 bytes).
    Removing ch32f20x_opa.o(i.OPA_Init), (52 bytes).
    Removing ch32f20x_opa.o(i.OPA_StructInit), (14 bytes).
    Removing ch32f20x_pwr.o(i.PWR_BackupAccessCmd), (36 bytes).
    Removing ch32f20x_pwr.o(i.PWR_ClearFlag), (20 bytes).
    Removing ch32f20x_pwr.o(i.PWR_DeInit), (22 bytes).
    Removing ch32f20x_pwr.o(i.PWR_EnterSTANDBYMode), (52 bytes).
    Removing ch32f20x_pwr.o(i.PWR_EnterSTANDBYMode_RAM), (48 bytes).
    Removing ch32f20x_pwr.o(i.PWR_EnterSTANDBYMode_RAM_LV), (52 bytes).
    Removing ch32f20x_pwr.o(i.PWR_EnterSTANDBYMode_RAM_LV_VBAT_EN), (52 bytes).
    Removing ch32f20x_pwr.o(i.PWR_EnterSTANDBYMode_RAM_VBAT_EN), (48 bytes).
    Removing ch32f20x_pwr.o(i.PWR_EnterSTOPMode), (64 bytes).
    Removing ch32f20x_pwr.o(i.PWR_GetFlagStatus), (24 bytes).
    Removing ch32f20x_pwr.o(i.PWR_PVDCmd), (36 bytes).
    Removing ch32f20x_pwr.o(i.PWR_PVDLevelConfig), (24 bytes).
    Removing ch32f20x_pwr.o(i.PWR_WakeUpPinCmd), (36 bytes).
    Removing ch32f20x_rcc.o(i.RCC_ADCCLKADJcmd), (36 bytes).
    Removing ch32f20x_rcc.o(i.RCC_ADCCLKConfig), (24 bytes).
    Removing ch32f20x_rcc.o(i.RCC_AHBPeriphClockCmd), (32 bytes).
    Removing ch32f20x_rcc.o(i.RCC_AHBPeriphResetCmd), (32 bytes).
    Removing ch32f20x_rcc.o(i.RCC_AdjustHSICalibrationValue), (24 bytes).
    Removing ch32f20x_rcc.o(i.RCC_BackupResetCmd), (36 bytes).
    Removing ch32f20x_rcc.o(i.RCC_ClearFlag), (20 bytes).
    Removing ch32f20x_rcc.o(i.RCC_ClearITPendingBit), (12 bytes).
    Removing ch32f20x_rcc.o(i.RCC_ClockSecuritySystemCmd), (36 bytes).
    Removing ch32f20x_rcc.o(i.RCC_DeInit), (92 bytes).
    Removing ch32f20x_rcc.o(i.RCC_ETH1GCLKConfig), (28 bytes).
    Removing ch32f20x_rcc.o(i.RCC_ETH1G_125Mcmd), (36 bytes).
    Removing ch32f20x_rcc.o(i.RCC_ETHDIVConfig), (28 bytes).
    Removing ch32f20x_rcc.o(i.RCC_GetFlagStatus), (60 bytes).
    Removing ch32f20x_rcc.o(i.RCC_GetITStatus), (24 bytes).
    Removing ch32f20x_rcc.o(i.RCC_GetSYSCLKSource), (16 bytes).
    Removing ch32f20x_rcc.o(i.RCC_HCLKConfig), (24 bytes).
    Removing ch32f20x_rcc.o(i.RCC_HSEConfig), (76 bytes).
    Removing ch32f20x_rcc.o(i.RCC_HSICmd), (36 bytes).
    Removing ch32f20x_rcc.o(i.RCC_I2S2CLKConfig), (28 bytes).
    Removing ch32f20x_rcc.o(i.RCC_I2S3CLKConfig), (28 bytes).
    Removing ch32f20x_rcc.o(i.RCC_ITConfig), (32 bytes).
    Removing ch32f20x_rcc.o(i.RCC_LSEConfig), (52 bytes).
    Removing ch32f20x_rcc.o(i.RCC_LSICmd), (36 bytes).
    Removing ch32f20x_rcc.o(i.RCC_MCOConfig), (12 bytes).
    Removing ch32f20x_rcc.o(i.RCC_OTGFSCLKConfig), (28 bytes).
    Removing ch32f20x_rcc.o(i.RCC_PCLK1Config), (24 bytes).
    Removing ch32f20x_rcc.o(i.RCC_PCLK2Config), (24 bytes).
    Removing ch32f20x_rcc.o(i.RCC_PLL2Cmd), (36 bytes).
    Removing ch32f20x_rcc.o(i.RCC_PLL2Config), (24 bytes).
    Removing ch32f20x_rcc.o(i.RCC_PLL3Cmd), (36 bytes).
    Removing ch32f20x_rcc.o(i.RCC_PLL3Config), (24 bytes).
    Removing ch32f20x_rcc.o(i.RCC_PLLCmd), (36 bytes).
    Removing ch32f20x_rcc.o(i.RCC_PLLConfig), (28 bytes).
    Removing ch32f20x_rcc.o(i.RCC_PREDIV1Config), (32 bytes).
    Removing ch32f20x_rcc.o(i.RCC_PREDIV2Config), (24 bytes).
    Removing ch32f20x_rcc.o(i.RCC_RNGCLKConfig), (28 bytes).
    Removing ch32f20x_rcc.o(i.RCC_RTCCLKCmd), (36 bytes).
    Removing ch32f20x_rcc.o(i.RCC_RTCCLKConfig), (16 bytes).
    Removing ch32f20x_rcc.o(i.RCC_SYSCLKConfig), (24 bytes).
    Removing ch32f20x_rcc.o(i.RCC_USBCLK48MConfig), (28 bytes).
    Removing ch32f20x_rcc.o(i.RCC_USBCLKConfig), (28 bytes).
    Removing ch32f20x_rcc.o(i.RCC_USBHSConfig), (28 bytes).
    Removing ch32f20x_rcc.o(i.RCC_USBHSPHYPLLALIVEcmd), (36 bytes).
    Removing ch32f20x_rcc.o(i.RCC_USBHSPLLCKREFCLKConfig), (28 bytes).
    Removing ch32f20x_rcc.o(i.RCC_USBHSPLLCLKConfig), (28 bytes).
    Removing ch32f20x_rcc.o(i.RCC_WaitForHSEStartUp), (56 bytes).
    Removing ch32f20x_rng.o(i.RNG_ClearFlag), (16 bytes).
    Removing ch32f20x_rng.o(i.RNG_ClearITPendingBit), (16 bytes).
    Removing ch32f20x_rng.o(i.RNG_Cmd), (36 bytes).
    Removing ch32f20x_rng.o(i.RNG_GetFlagStatus), (24 bytes).
    Removing ch32f20x_rng.o(i.RNG_GetITStatus), (24 bytes).
    Removing ch32f20x_rng.o(i.RNG_GetRandomNumber), (12 bytes).
    Removing ch32f20x_rng.o(i.RNG_ITConfig), (36 bytes).
    Removing ch32f20x_rtc.o(i.RTC_ClearFlag), (16 bytes).
    Removing ch32f20x_rtc.o(i.RTC_ClearITPendingBit), (16 bytes).
    Removing ch32f20x_rtc.o(i.RTC_EnterConfigMode), (20 bytes).
    Removing ch32f20x_rtc.o(i.RTC_ExitConfigMode), (20 bytes).
    Removing ch32f20x_rtc.o(i.RTC_GetCounter), (44 bytes).
    Removing ch32f20x_rtc.o(i.RTC_GetDivider), (24 bytes).
    Removing ch32f20x_rtc.o(i.RTC_GetFlagStatus), (24 bytes).
    Removing ch32f20x_rtc.o(i.RTC_GetITStatus), (36 bytes).
    Removing ch32f20x_rtc.o(i.RTC_ITConfig), (32 bytes).
    Removing ch32f20x_rtc.o(i.RTC_SetAlarm), (28 bytes).
    Removing ch32f20x_rtc.o(i.RTC_SetCounter), (28 bytes).
    Removing ch32f20x_rtc.o(i.RTC_SetPrescaler), (32 bytes).
    Removing ch32f20x_rtc.o(i.RTC_WaitForLastTask), (20 bytes).
    Removing ch32f20x_rtc.o(i.RTC_WaitForSynchro), (36 bytes).
    Removing ch32f20x_sdio.o(i.SDIO_CEATAITCmd), (36 bytes).
    Removing ch32f20x_sdio.o(i.SDIO_ClearFlag), (12 bytes).
    Removing ch32f20x_sdio.o(i.SDIO_ClearITPendingBit), (12 bytes).
    Removing ch32f20x_sdio.o(i.SDIO_ClockCmd), (36 bytes).
    Removing ch32f20x_sdio.o(i.SDIO_CmdStructInit), (14 bytes).
    Removing ch32f20x_sdio.o(i.SDIO_CommandCompletionCmd), (36 bytes).
    Removing ch32f20x_sdio.o(i.SDIO_DMACmd), (36 bytes).
    Removing ch32f20x_sdio.o(i.SDIO_DataConfig), (48 bytes).
    Removing ch32f20x_sdio.o(i.SDIO_DataStructInit), (20 bytes).
    Removing ch32f20x_sdio.o(i.SDIO_DeInit), (36 bytes).
    Removing ch32f20x_sdio.o(i.SDIO_GetCommandResponse), (12 bytes).
    Removing ch32f20x_sdio.o(i.SDIO_GetDataCounter), (12 bytes).
    Removing ch32f20x_sdio.o(i.SDIO_GetFIFOCount), (12 bytes).
    Removing ch32f20x_sdio.o(i.SDIO_GetFlagStatus), (24 bytes).
    Removing ch32f20x_sdio.o(i.SDIO_GetITStatus), (24 bytes).
    Removing ch32f20x_sdio.o(i.SDIO_GetPowerState), (16 bytes).
    Removing ch32f20x_sdio.o(i.SDIO_GetResponse), (24 bytes).
    Removing ch32f20x_sdio.o(i.SDIO_ITConfig), (32 bytes).
    Removing ch32f20x_sdio.o(i.SDIO_Init), (48 bytes).
    Removing ch32f20x_sdio.o(i.SDIO_ReadData), (12 bytes).
    Removing ch32f20x_sdio.o(i.SDIO_SendCEATACmd), (36 bytes).
    Removing ch32f20x_sdio.o(i.SDIO_SendCommand), (44 bytes).
    Removing ch32f20x_sdio.o(i.SDIO_SendSDIOSuspendCmd), (36 bytes).
    Removing ch32f20x_sdio.o(i.SDIO_SetPowerState), (28 bytes).
    Removing ch32f20x_sdio.o(i.SDIO_SetSDIOOperation), (36 bytes).
    Removing ch32f20x_sdio.o(i.SDIO_SetSDIOReadWaitMode), (36 bytes).
    Removing ch32f20x_sdio.o(i.SDIO_StartSDIOReadWait), (36 bytes).
    Removing ch32f20x_sdio.o(i.SDIO_StopSDIOReadWait), (36 bytes).
    Removing ch32f20x_sdio.o(i.SDIO_StructInit), (16 bytes).
    Removing ch32f20x_sdio.o(i.SDIO_WriteData), (12 bytes).
    Removing ch32f20x_spi.o(i.I2S_Cmd), (24 bytes).
    Removing ch32f20x_spi.o(i.I2S_Init), (232 bytes).
    Removing ch32f20x_spi.o(i.I2S_StructInit), (20 bytes).
    Removing ch32f20x_spi.o(i.SPI_BiDirectionalLineConfig), (28 bytes).
    Removing ch32f20x_spi.o(i.SPI_CalculateCRC), (24 bytes).
    Removing ch32f20x_spi.o(i.SPI_Cmd), (24 bytes).
    Removing ch32f20x_spi.o(i.SPI_DataSizeConfig), (18 bytes).
    Removing ch32f20x_spi.o(i.SPI_GetCRC), (16 bytes).
    Removing ch32f20x_spi.o(i.SPI_GetCRCPolynomial), (6 bytes).
    Removing ch32f20x_spi.o(i.SPI_I2S_ClearFlag), (6 bytes).
    Removing ch32f20x_spi.o(i.SPI_I2S_ClearITPendingBit), (20 bytes).
    Removing ch32f20x_spi.o(i.SPI_I2S_DMACmd), (18 bytes).
    Removing ch32f20x_spi.o(i.SPI_I2S_DeInit), (88 bytes).
    Removing ch32f20x_spi.o(i.SPI_I2S_GetFlagStatus), (18 bytes).
    Removing ch32f20x_spi.o(i.SPI_I2S_GetITStatus), (52 bytes).
    Removing ch32f20x_spi.o(i.SPI_I2S_ITConfig), (32 bytes).
    Removing ch32f20x_spi.o(i.SPI_I2S_ReceiveData), (6 bytes).
    Removing ch32f20x_spi.o(i.SPI_I2S_SendData), (4 bytes).
    Removing ch32f20x_spi.o(i.SPI_Init), (60 bytes).
    Removing ch32f20x_spi.o(i.SPI_NSSInternalSoftwareConfig), (30 bytes).
    Removing ch32f20x_spi.o(i.SPI_SSOutputCmd), (24 bytes).
    Removing ch32f20x_spi.o(i.SPI_StructInit), (22 bytes).
    Removing ch32f20x_spi.o(i.SPI_TransmitCRC), (10 bytes).
    Removing ch32f20x_tim.o(i.TIM_BDTRConfig), (32 bytes).
    Removing ch32f20x_tim.o(i.TIM_BDTRStructInit), (18 bytes).
    Removing ch32f20x_tim.o(i.TIM_CCPreloadControl), (24 bytes).
    Removing ch32f20x_tim.o(i.TIM_CCxCmd), (30 bytes).
    Removing ch32f20x_tim.o(i.TIM_CCxNCmd), (30 bytes).
    Removing ch32f20x_tim.o(i.TIM_ClearOC1Ref), (18 bytes).
    Removing ch32f20x_tim.o(i.TIM_ClearOC2Ref), (24 bytes).
    Removing ch32f20x_tim.o(i.TIM_ClearOC3Ref), (18 bytes).
    Removing ch32f20x_tim.o(i.TIM_ClearOC4Ref), (24 bytes).
    Removing ch32f20x_tim.o(i.TIM_CounterModeConfig), (18 bytes).
    Removing ch32f20x_tim.o(i.TIM_DMACmd), (18 bytes).
    Removing ch32f20x_tim.o(i.TIM_DMAConfig), (10 bytes).
    Removing ch32f20x_tim.o(i.TIM_ETRClockMode1Config), (54 bytes).
    Removing ch32f20x_tim.o(i.TIM_ETRClockMode2Config), (32 bytes).
    Removing ch32f20x_tim.o(i.TIM_ETRConfig), (28 bytes).
    Removing ch32f20x_tim.o(i.TIM_ForcedOC1Config), (18 bytes).
    Removing ch32f20x_tim.o(i.TIM_ForcedOC2Config), (26 bytes).
    Removing ch32f20x_tim.o(i.TIM_ForcedOC3Config), (18 bytes).
    Removing ch32f20x_tim.o(i.TIM_ForcedOC4Config), (26 bytes).
    Removing ch32f20x_tim.o(i.TIM_GenerateEvent), (4 bytes).
    Removing ch32f20x_tim.o(i.TIM_GetCapture1), (6 bytes).
    Removing ch32f20x_tim.o(i.TIM_GetCapture2), (6 bytes).
    Removing ch32f20x_tim.o(i.TIM_GetCapture3), (6 bytes).
    Removing ch32f20x_tim.o(i.TIM_GetCapture4), (8 bytes).
    Removing ch32f20x_tim.o(i.TIM_GetCounter), (6 bytes).
    Removing ch32f20x_tim.o(i.TIM_GetFlagStatus), (18 bytes).
    Removing ch32f20x_tim.o(i.TIM_GetPrescaler), (6 bytes).
    Removing ch32f20x_tim.o(i.TIM_ITRxExternalClockConfig), (24 bytes).
    Removing ch32f20x_tim.o(i.TIM_InternalClockConfig), (12 bytes).
    Removing ch32f20x_tim.o(i.TIM_OC1FastConfig), (18 bytes).
    Removing ch32f20x_tim.o(i.TIM_OC1NPolarityConfig), (18 bytes).
    Removing ch32f20x_tim.o(i.TIM_OC1PolarityConfig), (18 bytes).
    Removing ch32f20x_tim.o(i.TIM_OC2FastConfig), (26 bytes).
    Removing ch32f20x_tim.o(i.TIM_OC2NPolarityConfig), (26 bytes).
    Removing ch32f20x_tim.o(i.TIM_OC2PolarityConfig), (26 bytes).
    Removing ch32f20x_tim.o(i.TIM_OC2PreloadConfig), (26 bytes).
    Removing ch32f20x_tim.o(i.TIM_OC3FastConfig), (18 bytes).
    Removing ch32f20x_tim.o(i.TIM_OC3NPolarityConfig), (26 bytes).
    Removing ch32f20x_tim.o(i.TIM_OC3PolarityConfig), (26 bytes).
    Removing ch32f20x_tim.o(i.TIM_OC3PreloadConfig), (18 bytes).
    Removing ch32f20x_tim.o(i.TIM_OC4FastConfig), (26 bytes).
    Removing ch32f20x_tim.o(i.TIM_OC4PolarityConfig), (26 bytes).
    Removing ch32f20x_tim.o(i.TIM_OC4PreloadConfig), (26 bytes).
    Removing ch32f20x_tim.o(i.TIM_OCStructInit), (20 bytes).
    Removing ch32f20x_tim.o(i.TIM_PWMIConfig), (124 bytes).
    Removing ch32f20x_tim.o(i.TIM_PrescalerConfig), (6 bytes).
    Removing ch32f20x_tim.o(i.TIM_SelectCCDMA), (24 bytes).
    Removing ch32f20x_tim.o(i.TIM_SelectCOM), (24 bytes).
    Removing ch32f20x_tim.o(i.TIM_SelectHallSensor), (24 bytes).
    Removing ch32f20x_tim.o(i.TIM_SelectInputTrigger), (18 bytes).
    Removing ch32f20x_tim.o(i.TIM_SelectMasterSlaveMode), (18 bytes).
    Removing ch32f20x_tim.o(i.TIM_SelectOCxM), (82 bytes).
    Removing ch32f20x_tim.o(i.TIM_SelectOnePulseMode), (18 bytes).
    Removing ch32f20x_tim.o(i.TIM_SelectOutputTrigger), (18 bytes).
    Removing ch32f20x_tim.o(i.TIM_SelectSlaveMode), (18 bytes).
    Removing ch32f20x_tim.o(i.TIM_SetAutoreload), (4 bytes).
    Removing ch32f20x_tim.o(i.TIM_SetClockDivision), (18 bytes).
    Removing ch32f20x_tim.o(i.TIM_TIxExternalClockConfig), (62 bytes).
    Removing ch32f20x_tim.o(i.TIM_UpdateDisableConfig), (24 bytes).
    Removing ch32f20x_tim.o(i.TIM_UpdateRequestConfig), (24 bytes).
    Removing ch32f20x_usart.o(i.USART_ClearFlag), (6 bytes).
    Removing ch32f20x_usart.o(i.USART_ClearITPendingBit), (20 bytes).
    Removing ch32f20x_usart.o(i.USART_ClockInit), (34 bytes).
    Removing ch32f20x_usart.o(i.USART_ClockStructInit), (12 bytes).
    Removing ch32f20x_usart.o(i.USART_DMACmd), (18 bytes).
    Removing ch32f20x_usart.o(i.USART_DeInit), (240 bytes).
    Removing ch32f20x_usart.o(i.USART_GetITStatus), (76 bytes).
    Removing ch32f20x_usart.o(i.USART_HalfDuplexCmd), (24 bytes).
    Removing ch32f20x_usart.o(i.USART_IrDACmd), (24 bytes).
    Removing ch32f20x_usart.o(i.USART_IrDAConfig), (18 bytes).
    Removing ch32f20x_usart.o(i.USART_LINBreakDetectLengthConfig), (18 bytes).
    Removing ch32f20x_usart.o(i.USART_LINCmd), (24 bytes).
    Removing ch32f20x_usart.o(i.USART_OneBitMethodCmd), (24 bytes).
    Removing ch32f20x_usart.o(i.USART_OverSampling8Cmd), (22 bytes).
    Removing ch32f20x_usart.o(i.USART_ReceiverWakeUpCmd), (24 bytes).
    Removing ch32f20x_usart.o(i.USART_SendBreak), (10 bytes).
    Removing ch32f20x_usart.o(i.USART_SetAddress), (18 bytes).
    Removing ch32f20x_usart.o(i.USART_SetGuardTime), (16 bytes).
    Removing ch32f20x_usart.o(i.USART_SetPrescaler), (16 bytes).
    Removing ch32f20x_usart.o(i.USART_SmartCardCmd), (24 bytes).
    Removing ch32f20x_usart.o(i.USART_SmartCardNACKCmd), (24 bytes).
    Removing ch32f20x_usart.o(i.USART_StructInit), (24 bytes).
    Removing ch32f20x_usart.o(i.USART_WakeUpConfig), (18 bytes).
    Removing ch32f20x_wwdg.o(i.WWDG_ClearFlag), (12 bytes).
    Removing ch32f20x_wwdg.o(i.WWDG_DeInit), (22 bytes).
    Removing ch32f20x_wwdg.o(i.WWDG_Enable), (16 bytes).
    Removing ch32f20x_wwdg.o(i.WWDG_EnableIT), (20 bytes).
    Removing ch32f20x_wwdg.o(i.WWDG_GetFlagStatus), (12 bytes).
    Removing ch32f20x_wwdg.o(i.WWDG_SetCounter), (16 bytes).
    Removing ch32f20x_wwdg.o(i.WWDG_SetPrescaler), (24 bytes).
    Removing ch32f20x_wwdg.o(i.WWDG_SetWindowValue), (40 bytes).
    Removing fadd.o(.text), (176 bytes).
    Removing fmul.o(.text), (100 bytes).
    Removing dmul.o(.text), (228 bytes).
    Removing fflti.o(.text), (18 bytes).
    Removing dflti.o(.text), (34 bytes).
    Removing ffixi.o(.text), (50 bytes).
    Removing dfixi.o(.text), (62 bytes).
    Removing fepilogue.o(.text), (110 bytes).
    Removing depilogue.o(.text), (186 bytes).
    Removing dadd.o(.text), (334 bytes).
    Removing ddiv.o(.text), (222 bytes).
    Removing dfixul.o(.text), (48 bytes).
    Removing cdrcmple.o(.text), (48 bytes).

487 unused section(s) (total 22114 bytes) removed from the image.

==============================================================================

Image Symbol Table

    Local Symbols

    Symbol Name                              Value     Ov Type        Size  Object(Section)

    ../clib/microlib/division.c              0x00000000   Number         0  uidiv.o ABSOLUTE
    ../clib/microlib/division.c              0x00000000   Number         0  uldiv.o ABSOLUTE
    ../clib/microlib/init/entry.s            0x00000000   Number         0  entry8b.o ABSOLUTE
    ../clib/microlib/init/entry.s            0x00000000   Number         0  entry10a.o ABSOLUTE
    ../clib/microlib/init/entry.s            0x00000000   Number         0  entry9b.o ABSOLUTE
    ../clib/microlib/init/entry.s            0x00000000   Number         0  entry.o ABSOLUTE
    ../clib/microlib/init/entry.s            0x00000000   Number         0  entry9a.o ABSOLUTE
    ../clib/microlib/init/entry.s            0x00000000   Number         0  entry7a.o ABSOLUTE
    ../clib/microlib/init/entry.s            0x00000000   Number         0  entry7b.o ABSOLUTE
    ../clib/microlib/init/entry.s            0x00000000   Number         0  entry5.o ABSOLUTE
    ../clib/microlib/init/entry.s            0x00000000   Number         0  entry8a.o ABSOLUTE
    ../clib/microlib/init/entry.s            0x00000000   Number         0  entry2.o ABSOLUTE
    ../clib/microlib/init/entry.s            0x00000000   Number         0  entry11b.o ABSOLUTE
    ../clib/microlib/init/entry.s            0x00000000   Number         0  entry10b.o ABSOLUTE
    ../clib/microlib/init/entry.s            0x00000000   Number         0  entry11a.o ABSOLUTE
    ../clib/microlib/longlong.c              0x00000000   Number         0  llsshr.o ABSOLUTE
    ../clib/microlib/longlong.c              0x00000000   Number         0  llshl.o ABSOLUTE
    ../clib/microlib/longlong.c              0x00000000   Number         0  llushr.o ABSOLUTE
    ../clib/microlib/printf/printf.c         0x00000000   Number         0  printf5.o ABSOLUTE
    ../clib/microlib/printf/printf.c         0x00000000   Number         0  printf7.o ABSOLUTE
    ../clib/microlib/printf/printf.c         0x00000000   Number         0  printf8.o ABSOLUTE
    ../clib/microlib/printf/printf.c         0x00000000   Number         0  printfa.o ABSOLUTE
    ../clib/microlib/printf/printf.c         0x00000000   Number         0  printfb.o ABSOLUTE
    ../clib/microlib/printf/printf.c         0x00000000   Number         0  printf6.o ABSOLUTE
    ../clib/microlib/printf/printf.c         0x00000000   Number         0  printf4.o ABSOLUTE
    ../clib/microlib/printf/printf.c         0x00000000   Number         0  printf3.o ABSOLUTE
    ../clib/microlib/printf/printf.c         0x00000000   Number         0  printf2.o ABSOLUTE
    ../clib/microlib/printf/printf.c         0x00000000   Number         0  printf1.o ABSOLUTE
    ../clib/microlib/printf/printf.c         0x00000000   Number         0  printf0.o ABSOLUTE
    ../clib/microlib/printf/stubs.s          0x00000000   Number         0  stubs.o ABSOLUTE
    ../clib/microlib/stdio/getc.c            0x00000000   Number         0  getc.o ABSOLUTE
    ../clib/microlib/stdio/streams.c         0x00000000   Number         0  stdin.o ABSOLUTE
    ../clib/microlib/stubs.s                 0x00000000   Number         0  iusefp.o ABSOLUTE
    ../fplib/microlib/fpadd.c                0x00000000   Number         0  fadd.o ABSOLUTE
    ../fplib/microlib/fpadd.c                0x00000000   Number         0  dadd.o ABSOLUTE
    ../fplib/microlib/fpdiv.c                0x00000000   Number         0  ddiv.o ABSOLUTE
    ../fplib/microlib/fpepilogue.c           0x00000000   Number         0  depilogue.o ABSOLUTE
    ../fplib/microlib/fpepilogue.c           0x00000000   Number         0  fepilogue.o ABSOLUTE
    ../fplib/microlib/fpfix.c                0x00000000   Number         0  dfixi.o ABSOLUTE
    ../fplib/microlib/fpfix.c                0x00000000   Number         0  ffixi.o ABSOLUTE
    ../fplib/microlib/fpfix.c                0x00000000   Number         0  dfixul.o ABSOLUTE
    ../fplib/microlib/fpflt.c                0x00000000   Number         0  fflti.o ABSOLUTE
    ../fplib/microlib/fpflt.c                0x00000000   Number         0  dflti.o ABSOLUTE
    ../fplib/microlib/fpmul.c                0x00000000   Number         0  fmul.o ABSOLUTE
    ../fplib/microlib/fpmul.c                0x00000000   Number         0  dmul.o ABSOLUTE
    ..\..\SRC\CMSIS\core_cm3.c               0x00000000   Number         0  core_cm3.o ABSOLUTE
    ..\..\SRC\Debug\debug.c                  0x00000000   Number         0  debug.o ABSOLUTE
    ..\..\SRC\Startup\startup_ch32f20x_D8.s  0x00000000   Number         0  startup_ch32f20x_d8.o ABSOLUTE
    ..\..\SRC\StdPeriphDriver\src\ch32f20x_adc.c 0x00000000   Number         0  ch32f20x_adc.o ABSOLUTE
    ..\..\SRC\StdPeriphDriver\src\ch32f20x_bkp.c 0x00000000   Number         0  ch32f20x_bkp.o ABSOLUTE
    ..\..\SRC\StdPeriphDriver\src\ch32f20x_can.c 0x00000000   Number         0  ch32f20x_can.o ABSOLUTE
    ..\..\SRC\StdPeriphDriver\src\ch32f20x_crc.c 0x00000000   Number         0  ch32f20x_crc.o ABSOLUTE
    ..\..\SRC\StdPeriphDriver\src\ch32f20x_dac.c 0x00000000   Number         0  ch32f20x_dac.o ABSOLUTE
    ..\..\SRC\StdPeriphDriver\src\ch32f20x_dbgmcu.c 0x00000000   Number         0  ch32f20x_dbgmcu.o ABSOLUTE
    ..\..\SRC\StdPeriphDriver\src\ch32f20x_dma.c 0x00000000   Number         0  ch32f20x_dma.o ABSOLUTE
    ..\..\SRC\StdPeriphDriver\src\ch32f20x_dvp.c 0x00000000   Number         0  ch32f20x_dvp.o ABSOLUTE
    ..\..\SRC\StdPeriphDriver\src\ch32f20x_exti.c 0x00000000   Number         0  ch32f20x_exti.o ABSOLUTE
    ..\..\SRC\StdPeriphDriver\src\ch32f20x_flash.c 0x00000000   Number         0  ch32f20x_flash.o ABSOLUTE
    ..\..\SRC\StdPeriphDriver\src\ch32f20x_fsmc.c 0x00000000   Number         0  ch32f20x_fsmc.o ABSOLUTE
    ..\..\SRC\StdPeriphDriver\src\ch32f20x_gpio.c 0x00000000   Number         0  ch32f20x_gpio.o ABSOLUTE
    ..\..\SRC\StdPeriphDriver\src\ch32f20x_i2c.c 0x00000000   Number         0  ch32f20x_i2c.o ABSOLUTE
    ..\..\SRC\StdPeriphDriver\src\ch32f20x_iwdg.c 0x00000000   Number         0  ch32f20x_iwdg.o ABSOLUTE
    ..\..\SRC\StdPeriphDriver\src\ch32f20x_misc.c 0x00000000   Number         0  ch32f20x_misc.o ABSOLUTE
    ..\..\SRC\StdPeriphDriver\src\ch32f20x_opa.c 0x00000000   Number         0  ch32f20x_opa.o ABSOLUTE
    ..\..\SRC\StdPeriphDriver\src\ch32f20x_pwr.c 0x00000000   Number         0  ch32f20x_pwr.o ABSOLUTE
    ..\..\SRC\StdPeriphDriver\src\ch32f20x_rcc.c 0x00000000   Number         0  ch32f20x_rcc.o ABSOLUTE
    ..\..\SRC\StdPeriphDriver\src\ch32f20x_rng.c 0x00000000   Number         0  ch32f20x_rng.o ABSOLUTE
    ..\..\SRC\StdPeriphDriver\src\ch32f20x_rtc.c 0x00000000   Number         0  ch32f20x_rtc.o ABSOLUTE
    ..\..\SRC\StdPeriphDriver\src\ch32f20x_sdio.c 0x00000000   Number         0  ch32f20x_sdio.o ABSOLUTE
    ..\..\SRC\StdPeriphDriver\src\ch32f20x_spi.c 0x00000000   Number         0  ch32f20x_spi.o ABSOLUTE
    ..\..\SRC\StdPeriphDriver\src\ch32f20x_tim.c 0x00000000   Number         0  ch32f20x_tim.o ABSOLUTE
    ..\..\SRC\StdPeriphDriver\src\ch32f20x_usart.c 0x00000000   Number         0  ch32f20x_usart.o ABSOLUTE
    ..\..\SRC\StdPeriphDriver\src\ch32f20x_wwdg.c 0x00000000   Number         0  ch32f20x_wwdg.o ABSOLUTE
    ..\\..\\SRC\\CMSIS\\core_cm3.c           0x00000000   Number         0  core_cm3.o ABSOLUTE
    Main.c                                   0x00000000   Number         0  main.o ABSOLUTE
    cdrcmple.s                               0x00000000   Number         0  cdrcmple.o ABSOLUTE
    ch32f20x_it.c                            0x00000000   Number         0  ch32f20x_it.o ABSOLUTE
    dc.s                                     0x00000000   Number         0  dc.o ABSOLUTE
    handlers.s                               0x00000000   Number         0  handlers.o ABSOLUTE
    init.s                                   0x00000000   Number         0  init.o ABSOLUTE
    system_ch32f20x.c                        0x00000000   Number         0  system_ch32f20x.o ABSOLUTE
    user\BASIC_TIM\basic_tim.c               0x00000000   Number         0  basic_tim.o ABSOLUTE
    user\ENCODER\encoder.c                   0x00000000   Number         0  encoder.o ABSOLUTE
    user\MOTO\moto.c                         0x00000000   Number         0  moto.o ABSOLUTE
    user\PWM\pwm.c                           0x00000000   Number         0  pwm.o ABSOLUTE
    user\USART\usart.c                       0x00000000   Number         0  usart.o ABSOLUTE
    RESET                                    0x08000000   Section      416  startup_ch32f20x_d8.o(RESET)
    .ARM.Collect$$$$00000000                 0x080001a0   Section        0  entry.o(.ARM.Collect$$$$00000000)
    .ARM.Collect$$$$00000001                 0x080001a0   Section        4  entry2.o(.ARM.Collect$$$$00000001)
    .ARM.Collect$$$$00000004                 0x080001a4   Section        4  entry5.o(.ARM.Collect$$$$00000004)
    .ARM.Collect$$$$00000008                 0x080001a8   Section        0  entry7b.o(.ARM.Collect$$$$00000008)
    .ARM.Collect$$$$0000000A                 0x080001a8   Section        0  entry8b.o(.ARM.Collect$$$$0000000A)
    .ARM.Collect$$$$0000000B                 0x080001a8   Section        8  entry9a.o(.ARM.Collect$$$$0000000B)
    .ARM.Collect$$$$0000000D                 0x080001b0   Section        0  entry10a.o(.ARM.Collect$$$$0000000D)
    .ARM.Collect$$$$0000000F                 0x080001b0   Section        0  entry11a.o(.ARM.Collect$$$$0000000F)
    .ARM.Collect$$$$00002712                 0x080001b0   Section        4  entry2.o(.ARM.Collect$$$$00002712)
    __lit__00000000                          0x080001b0   Data           4  entry2.o(.ARM.Collect$$$$00002712)
    .text                                    0x080001b4   Section       64  startup_ch32f20x_d8.o(.text)
    .text                                    0x080001f4   Section       36  init.o(.text)
    i.BASIC_TIM_Init                         0x08000218   Section        0  basic_tim.o(i.BASIC_TIM_Init)
    i.BASIC_TIM_Mode_Config                  0x08000224   Section        0  basic_tim.o(i.BASIC_TIM_Mode_Config)
    BASIC_TIM_Mode_Config                    0x08000225   Thumb Code    60  basic_tim.o(i.BASIC_TIM_Mode_Config)
    i.BASIC_TIM_NVIC_Config                  0x08000264   Section        0  basic_tim.o(i.BASIC_TIM_NVIC_Config)
    BASIC_TIM_NVIC_Config                    0x08000265   Thumb Code    42  basic_tim.o(i.BASIC_TIM_NVIC_Config)
    i.BusFault_Handler                       0x0800028e   Section        0  ch32f20x_it.o(i.BusFault_Handler)
    i.Circuit                                0x08000294   Section        0  moto.o(i.Circuit)
    i.DebugMon_Handler                       0x08000314   Section        0  ch32f20x_it.o(i.DebugMon_Handler)
    i.Encoder_Init                           0x08000318   Section        0  encoder.o(i.Encoder_Init)
    i.Encoder_Init1                          0x0800032c   Section        0  encoder.o(i.Encoder_Init1)
    i.Encoder_Init2                          0x080003b8   Section        0  encoder.o(i.Encoder_Init2)
    i.Encoder_Init3                          0x08000464   Section        0  encoder.o(i.Encoder_Init3)
    i.Encoder_Init4                          0x080004f0   Section        0  encoder.o(i.Encoder_Init4)
    i.GPIO_Init                              0x0800059c   Section        0  ch32f20x_gpio.o(i.GPIO_Init)
    i.GPIO_ResetBits                         0x080006b2   Section        0  ch32f20x_gpio.o(i.GPIO_ResetBits)
    i.GPIO_SetBits                           0x080006b6   Section        0  ch32f20x_gpio.o(i.GPIO_SetBits)
    i.GPIO_Toggle_INIT                       0x080006bc   Section        0  moto.o(i.GPIO_Toggle_INIT)
    i.HardFault_Handler                      0x08000714   Section        0  ch32f20x_it.o(i.HardFault_Handler)
    i.Left                                   0x08000718   Section        0  moto.o(i.Left)
    i.LeftForward                            0x08000798   Section        0  moto.o(i.LeftForward)
    i.MemManage_Handler                      0x08000814   Section        0  ch32f20x_it.o(i.MemManage_Handler)
    i.MotorBack                              0x08000818   Section        0  moto.o(i.MotorBack)
    i.MotorForward                           0x08000898   Section        0  moto.o(i.MotorForward)
    i.MotorLeft                              0x08000918   Section        0  moto.o(i.MotorLeft)
    i.MotorRight                             0x08000998   Section        0  moto.o(i.MotorRight)
    i.MotorStop                              0x08000a18   Section        0  moto.o(i.MotorStop)
    i.NMI_Handler                            0x08000a40   Section        0  ch32f20x_it.o(i.NMI_Handler)
    i.NVIC_Init                              0x08000a44   Section        0  ch32f20x_misc.o(i.NVIC_Init)
    i.NVIC_PriorityGroupConfig               0x08000ab4   Section        0  ch32f20x_misc.o(i.NVIC_PriorityGroupConfig)
    i.PendSV_Handler                         0x08000ac8   Section        0  ch32f20x_it.o(i.PendSV_Handler)
    i.RCC_APB1PeriphClockCmd                 0x08000acc   Section        0  ch32f20x_rcc.o(i.RCC_APB1PeriphClockCmd)
    i.RCC_APB1PeriphResetCmd                 0x08000aec   Section        0  ch32f20x_rcc.o(i.RCC_APB1PeriphResetCmd)
    i.RCC_APB2PeriphClockCmd                 0x08000b0c   Section        0  ch32f20x_rcc.o(i.RCC_APB2PeriphClockCmd)
    i.RCC_APB2PeriphResetCmd                 0x08000b2c   Section        0  ch32f20x_rcc.o(i.RCC_APB2PeriphResetCmd)
    i.RCC_GetClocksFreq                      0x08000b4c   Section        0  ch32f20x_rcc.o(i.RCC_GetClocksFreq)
    i.Right                                  0x08000c5c   Section        0  moto.o(i.Right)
    i.RightForward                           0x08000cdc   Section        0  moto.o(i.RightForward)
    i.SVC_Handler                            0x08000d58   Section        0  ch32f20x_it.o(i.SVC_Handler)
    i.SetSysClock                            0x08000d5c   Section        0  system_ch32f20x.o(i.SetSysClock)
    SetSysClock                              0x08000d5d   Thumb Code     8  system_ch32f20x.o(i.SetSysClock)
    i.SetSysClockTo72                        0x08000d64   Section        0  system_ch32f20x.o(i.SetSysClockTo72)
    SetSysClockTo72                          0x08000d65   Thumb Code   182  system_ch32f20x.o(i.SetSysClockTo72)
    i.SysTick_Handler                        0x08000e20   Section        0  ch32f20x_it.o(i.SysTick_Handler)
    i.SystemInit                             0x08000e24   Section        0  system_ch32f20x.o(i.SystemInit)
    i.TI1_Config                             0x08000e90   Section        0  ch32f20x_tim.o(i.TI1_Config)
    TI1_Config                               0x08000e91   Thumb Code   120  ch32f20x_tim.o(i.TI1_Config)
    i.TI2_Config                             0x08000f24   Section        0  ch32f20x_tim.o(i.TI2_Config)
    TI2_Config                               0x08000f25   Thumb Code   142  ch32f20x_tim.o(i.TI2_Config)
    i.TI3_Config                             0x08000fd0   Section        0  ch32f20x_tim.o(i.TI3_Config)
    TI3_Config                               0x08000fd1   Thumb Code   134  ch32f20x_tim.o(i.TI3_Config)
    i.TI4_Config                             0x08001074   Section        0  ch32f20x_tim.o(i.TI4_Config)
    TI4_Config                               0x08001075   Thumb Code   142  ch32f20x_tim.o(i.TI4_Config)
    i.TIM3_CH3_PWM_Init                      0x08001120   Section        0  pwm.o(i.TIM3_CH3_PWM_Init)
    i.TIM6_IRQHandler                        0x08001218   Section        0  ch32f20x_it.o(i.TIM6_IRQHandler)
    i.TIM_ARRPreloadConfig                   0x08001240   Section        0  ch32f20x_tim.o(i.TIM_ARRPreloadConfig)
    i.TIM_ClearFlag                          0x08001258   Section        0  ch32f20x_tim.o(i.TIM_ClearFlag)
    i.TIM_ClearITPendingBit                  0x0800125e   Section        0  ch32f20x_tim.o(i.TIM_ClearITPendingBit)
    i.TIM_Cmd                                0x08001264   Section        0  ch32f20x_tim.o(i.TIM_Cmd)
    i.TIM_CtrlPWMOutputs                     0x0800127c   Section        0  ch32f20x_tim.o(i.TIM_CtrlPWMOutputs)
    i.TIM_DeInit                             0x0800129c   Section        0  ch32f20x_tim.o(i.TIM_DeInit)
    i.TIM_EncoderInterfaceConfig             0x080013b8   Section        0  ch32f20x_tim.o(i.TIM_EncoderInterfaceConfig)
    i.TIM_GetITStatus                        0x080013fa   Section        0  ch32f20x_tim.o(i.TIM_GetITStatus)
    i.TIM_ICInit                             0x0800141c   Section        0  ch32f20x_tim.o(i.TIM_ICInit)
    i.TIM_ICStructInit                       0x0800148a   Section        0  ch32f20x_tim.o(i.TIM_ICStructInit)
    i.TIM_ITConfig                           0x0800149c   Section        0  ch32f20x_tim.o(i.TIM_ITConfig)
    i.TIM_OC1Init                            0x080014b0   Section        0  ch32f20x_tim.o(i.TIM_OC1Init)
    i.TIM_OC1PreloadConfig                   0x08001540   Section        0  ch32f20x_tim.o(i.TIM_OC1PreloadConfig)
    i.TIM_OC2Init                            0x08001554   Section        0  ch32f20x_tim.o(i.TIM_OC2Init)
    i.TIM_OC3Init                            0x0800160c   Section        0  ch32f20x_tim.o(i.TIM_OC3Init)
    i.TIM_OC4Init                            0x080016c0   Section        0  ch32f20x_tim.o(i.TIM_OC4Init)
    i.TIM_SetCompare1                        0x08001750   Section        0  ch32f20x_tim.o(i.TIM_SetCompare1)
    i.TIM_SetCompare2                        0x08001754   Section        0  ch32f20x_tim.o(i.TIM_SetCompare2)
    i.TIM_SetCompare3                        0x08001758   Section        0  ch32f20x_tim.o(i.TIM_SetCompare3)
    i.TIM_SetCompare4                        0x0800175c   Section        0  ch32f20x_tim.o(i.TIM_SetCompare4)
    i.TIM_SetCounter                         0x08001762   Section        0  ch32f20x_tim.o(i.TIM_SetCounter)
    i.TIM_SetIC1Prescaler                    0x08001766   Section        0  ch32f20x_tim.o(i.TIM_SetIC1Prescaler)
    i.TIM_SetIC2Prescaler                    0x08001778   Section        0  ch32f20x_tim.o(i.TIM_SetIC2Prescaler)
    i.TIM_SetIC3Prescaler                    0x08001792   Section        0  ch32f20x_tim.o(i.TIM_SetIC3Prescaler)
    i.TIM_SetIC4Prescaler                    0x080017a4   Section        0  ch32f20x_tim.o(i.TIM_SetIC4Prescaler)
    i.TIM_TimeBaseInit                       0x080017c0   Section        0  ch32f20x_tim.o(i.TIM_TimeBaseInit)
    i.TIM_TimeBaseStructInit                 0x08001864   Section        0  ch32f20x_tim.o(i.TIM_TimeBaseStructInit)
    i.USART_Cmd                              0x08001876   Section        0  ch32f20x_usart.o(i.USART_Cmd)
    i.USART_GetFlagStatus                    0x0800188e   Section        0  ch32f20x_usart.o(i.USART_GetFlagStatus)
    i.USART_ITConfig                         0x080018a0   Section        0  ch32f20x_usart.o(i.USART_ITConfig)
    i.USART_Init                             0x080018e0   Section        0  ch32f20x_usart.o(i.USART_Init)
    i.USART_ReceiveData                      0x080019b0   Section        0  ch32f20x_usart.o(i.USART_ReceiveData)
    i.USART_SendData                         0x080019ba   Section        0  ch32f20x_usart.o(i.USART_SendData)
    i.USARTx_CFG                             0x080019c4   Section        0  usart.o(i.USARTx_CFG)
    i.UsageFault_Handler                     0x08001a64   Section        0  ch32f20x_it.o(i.UsageFault_Handler)
    i.__0printf$2                            0x08001a68   Section        0  printf2.o(i.__0printf$2)
    i.__scatterload_copy                     0x08001a88   Section       14  handlers.o(i.__scatterload_copy)
    i.__scatterload_null                     0x08001a96   Section        2  handlers.o(i.__scatterload_null)
    i.__scatterload_zeroinit                 0x08001a98   Section       14  handlers.o(i.__scatterload_zeroinit)
    i._printf_core                           0x08001aa6   Section        0  printf2.o(i._printf_core)
    _printf_core                             0x08001aa7   Thumb Code   214  printf2.o(i._printf_core)
    i.fgetc                                  0x08001b7c   Section        0  debug.o(i.fgetc)
    i.fputc                                  0x08001b9c   Section        0  debug.o(i.fputc)
    i.getc                                   0x08001bc0   Section        0  getc.o(i.getc)
    i.main                                   0x08001bc4   Section        0  main.o(i.main)
    .data                                    0x20000000   Section        4  main.o(.data)
    .data                                    0x20000004   Section        8  debug.o(.data)
    p_us                                     0x20000008   Data           1  debug.o(.data)
    p_ms                                     0x2000000a   Data           2  debug.o(.data)
    .data                                    0x2000000c   Section       20  ch32f20x_rcc.o(.data)
    APBAHBPrescTable                         0x2000000c   Data          16  ch32f20x_rcc.o(.data)
    ADCPrescTable                            0x2000001c   Data           4  ch32f20x_rcc.o(.data)
    .data                                    0x20000020   Section        4  stdin.o(.data)
    STACK                                    0x20000028   Section     1024  startup_ch32f20x_d8.o(STACK)

    Global Symbols

    Symbol Name                              Value     Ov Type        Size  Object(Section)

    BuildAttributes$$THM_ISAv4$P$D$K$B$S$PE$A:L22UL41UL21$X:L11$S22US41US21$IEEE1$IW$USESV6$~STKCKD$USESV7$~SHL$OTIME$ROPI$EBA8$MICROLIB$REQ8$PRES8$EABIv2 0x00000000   Number         0  anon$$obj.o ABSOLUTE
    __ARM_use_no_argv                        0x00000000   Number         0  main.o ABSOLUTE
    _printf_a                                0x00000000   Number         0  stubs.o ABSOLUTE
    _printf_c                                0x00000000   Number         0  stubs.o ABSOLUTE
    _printf_charcount                        0x00000000   Number         0  stubs.o ABSOLUTE
    _printf_d                                0x00000000   Number         0  stubs.o ABSOLUTE
    _printf_e                                0x00000000   Number         0  stubs.o ABSOLUTE
    _printf_f                                0x00000000   Number         0  stubs.o ABSOLUTE
    _printf_flags                            0x00000000   Number         0  stubs.o ABSOLUTE
    _printf_fp_dec                           0x00000000   Number         0  stubs.o ABSOLUTE
    _printf_fp_hex                           0x00000000   Number         0  stubs.o ABSOLUTE
    _printf_g                                0x00000000   Number         0  stubs.o ABSOLUTE
    _printf_i                                0x00000000   Number         0  stubs.o ABSOLUTE
    _printf_int_dec                          0x00000000   Number         0  stubs.o ABSOLUTE
    _printf_l                                0x00000000   Number         0  stubs.o ABSOLUTE
    _printf_lc                               0x00000000   Number         0  stubs.o ABSOLUTE
    _printf_ll                               0x00000000   Number         0  stubs.o ABSOLUTE
    _printf_lld                              0x00000000   Number         0  stubs.o ABSOLUTE
    _printf_lli                              0x00000000   Number         0  stubs.o ABSOLUTE
    _printf_llo                              0x00000000   Number         0  stubs.o ABSOLUTE
    _printf_llu                              0x00000000   Number         0  stubs.o ABSOLUTE
    _printf_llx                              0x00000000   Number         0  stubs.o ABSOLUTE
    _printf_longlong_dec                     0x00000000   Number         0  stubs.o ABSOLUTE
    _printf_longlong_hex                     0x00000000   Number         0  stubs.o ABSOLUTE
    _printf_longlong_oct                     0x00000000   Number         0  stubs.o ABSOLUTE
    _printf_ls                               0x00000000   Number         0  stubs.o ABSOLUTE
    _printf_mbtowc                           0x00000000   Number         0  stubs.o ABSOLUTE
    _printf_n                                0x00000000   Number         0  stubs.o ABSOLUTE
    _printf_o                                0x00000000   Number         0  stubs.o ABSOLUTE
    _printf_p                                0x00000000   Number         0  stubs.o ABSOLUTE
    _printf_percent                          0x00000000   Number         0  stubs.o ABSOLUTE
    _printf_pre_padding                      0x00000000   Number         0  stubs.o ABSOLUTE
    _printf_return_value                     0x00000000   Number         0  stubs.o ABSOLUTE
    _printf_s                                0x00000000   Number         0  stubs.o ABSOLUTE
    _printf_sizespec                         0x00000000   Number         0  stubs.o ABSOLUTE
    _printf_str                              0x00000000   Number         0  stubs.o ABSOLUTE
    _printf_truncate_signed                  0x00000000   Number         0  stubs.o ABSOLUTE
    _printf_truncate_unsigned                0x00000000   Number         0  stubs.o ABSOLUTE
    _printf_u                                0x00000000   Number         0  stubs.o ABSOLUTE
    _printf_wc                               0x00000000   Number         0  stubs.o ABSOLUTE
    _printf_wctomb                           0x00000000   Number         0  stubs.o ABSOLUTE
    _printf_widthprec                        0x00000000   Number         0  stubs.o ABSOLUTE
    _printf_x                                0x00000000   Number         0  stubs.o ABSOLUTE
    __cpp_initialize__aeabi_                  - Undefined Weak Reference
    __cxa_finalize                            - Undefined Weak Reference
    __decompress                              - Undefined Weak Reference
    _clock_init                               - Undefined Weak Reference
    _microlib_exit                            - Undefined Weak Reference
    __Vectors_Size                           0x000001a0   Number         0  startup_ch32f20x_d8.o ABSOLUTE
    __Vectors                                0x08000000   Data           4  startup_ch32f20x_d8.o(RESET)
    __Vectors_End                            0x080001a0   Data           0  startup_ch32f20x_d8.o(RESET)
    __main                                   0x080001a1   Thumb Code     0  entry.o(.ARM.Collect$$$$00000000)
    _main_stk                                0x080001a1   Thumb Code     0  entry2.o(.ARM.Collect$$$$00000001)
    _main_scatterload                        0x080001a5   Thumb Code     0  entry5.o(.ARM.Collect$$$$00000004)
    __main_after_scatterload                 0x080001a9   Thumb Code     0  entry5.o(.ARM.Collect$$$$00000004)
    _main_clock                              0x080001a9   Thumb Code     0  entry7b.o(.ARM.Collect$$$$00000008)
    _main_cpp_init                           0x080001a9   Thumb Code     0  entry8b.o(.ARM.Collect$$$$0000000A)
    _main_init                               0x080001a9   Thumb Code     0  entry9a.o(.ARM.Collect$$$$0000000B)
    __rt_final_cpp                           0x080001b1   Thumb Code     0  entry10a.o(.ARM.Collect$$$$0000000D)
    __rt_final_exit                          0x080001b1   Thumb Code     0  entry11a.o(.ARM.Collect$$$$0000000F)
    Reset_Handler                            0x080001b5   Thumb Code    28  startup_ch32f20x_d8.o(.text)
    ADC1_2_IRQHandler                        0x080001e3   Thumb Code     0  startup_ch32f20x_d8.o(.text)
    CAN1_RX1_IRQHandler                      0x080001e3   Thumb Code     0  startup_ch32f20x_d8.o(.text)
    CAN1_SCE_IRQHandler                      0x080001e3   Thumb Code     0  startup_ch32f20x_d8.o(.text)
    DMA1_Channel1_IRQHandler                 0x080001e3   Thumb Code     0  startup_ch32f20x_d8.o(.text)
    DMA1_Channel2_IRQHandler                 0x080001e3   Thumb Code     0  startup_ch32f20x_d8.o(.text)
    DMA1_Channel3_IRQHandler                 0x080001e3   Thumb Code     0  startup_ch32f20x_d8.o(.text)
    DMA1_Channel4_IRQHandler                 0x080001e3   Thumb Code     0  startup_ch32f20x_d8.o(.text)
    DMA1_Channel5_IRQHandler                 0x080001e3   Thumb Code     0  startup_ch32f20x_d8.o(.text)
    DMA1_Channel6_IRQHandler                 0x080001e3   Thumb Code     0  startup_ch32f20x_d8.o(.text)
    DMA1_Channel7_IRQHandler                 0x080001e3   Thumb Code     0  startup_ch32f20x_d8.o(.text)
    DMA2_Channel10_IRQHandler                0x080001e3   Thumb Code     0  startup_ch32f20x_d8.o(.text)
    DMA2_Channel11_IRQHandler                0x080001e3   Thumb Code     0  startup_ch32f20x_d8.o(.text)
    DMA2_Channel1_IRQHandler                 0x080001e3   Thumb Code     0  startup_ch32f20x_d8.o(.text)
    DMA2_Channel2_IRQHandler                 0x080001e3   Thumb Code     0  startup_ch32f20x_d8.o(.text)
    DMA2_Channel3_IRQHandler                 0x080001e3   Thumb Code     0  startup_ch32f20x_d8.o(.text)
    DMA2_Channel4_IRQHandler                 0x080001e3   Thumb Code     0  startup_ch32f20x_d8.o(.text)
    DMA2_Channel5_IRQHandler                 0x080001e3   Thumb Code     0  startup_ch32f20x_d8.o(.text)
    DMA2_Channel6_IRQHandler                 0x080001e3   Thumb Code     0  startup_ch32f20x_d8.o(.text)
    DMA2_Channel7_IRQHandler                 0x080001e3   Thumb Code     0  startup_ch32f20x_d8.o(.text)
    DMA2_Channel8_IRQHandler                 0x080001e3   Thumb Code     0  startup_ch32f20x_d8.o(.text)
    DMA2_Channel9_IRQHandler                 0x080001e3   Thumb Code     0  startup_ch32f20x_d8.o(.text)
    EXTI0_IRQHandler                         0x080001e3   Thumb Code     0  startup_ch32f20x_d8.o(.text)
    EXTI15_10_IRQHandler                     0x080001e3   Thumb Code     0  startup_ch32f20x_d8.o(.text)
    EXTI1_IRQHandler                         0x080001e3   Thumb Code     0  startup_ch32f20x_d8.o(.text)
    EXTI2_IRQHandler                         0x080001e3   Thumb Code     0  startup_ch32f20x_d8.o(.text)
    EXTI3_IRQHandler                         0x080001e3   Thumb Code     0  startup_ch32f20x_d8.o(.text)
    EXTI4_IRQHandler                         0x080001e3   Thumb Code     0  startup_ch32f20x_d8.o(.text)
    EXTI9_5_IRQHandler                       0x080001e3   Thumb Code     0  startup_ch32f20x_d8.o(.text)
    FLASH_IRQHandler                         0x080001e3   Thumb Code     0  startup_ch32f20x_d8.o(.text)
    FSMC_IRQHandler                          0x080001e3   Thumb Code     0  startup_ch32f20x_d8.o(.text)
    I2C1_ER_IRQHandler                       0x080001e3   Thumb Code     0  startup_ch32f20x_d8.o(.text)
    I2C1_EV_IRQHandler                       0x080001e3   Thumb Code     0  startup_ch32f20x_d8.o(.text)
    I2C2_ER_IRQHandler                       0x080001e3   Thumb Code     0  startup_ch32f20x_d8.o(.text)
    I2C2_EV_IRQHandler                       0x080001e3   Thumb Code     0  startup_ch32f20x_d8.o(.text)
    PVD_IRQHandler                           0x080001e3   Thumb Code     0  startup_ch32f20x_d8.o(.text)
    RCC_IRQHandler                           0x080001e3   Thumb Code     0  startup_ch32f20x_d8.o(.text)
    RNG_IRQHandler                           0x080001e3   Thumb Code     0  startup_ch32f20x_d8.o(.text)
    RTCAlarm_IRQHandler                      0x080001e3   Thumb Code     0  startup_ch32f20x_d8.o(.text)
    RTC_IRQHandler                           0x080001e3   Thumb Code     0  startup_ch32f20x_d8.o(.text)
    SDIO_IRQHandler                          0x080001e3   Thumb Code     0  startup_ch32f20x_d8.o(.text)
    SPI1_IRQHandler                          0x080001e3   Thumb Code     0  startup_ch32f20x_d8.o(.text)
    SPI2_IRQHandler                          0x080001e3   Thumb Code     0  startup_ch32f20x_d8.o(.text)
    SPI3_IRQHandler                          0x080001e3   Thumb Code     0  startup_ch32f20x_d8.o(.text)
    TAMPER_IRQHandler                        0x080001e3   Thumb Code     0  startup_ch32f20x_d8.o(.text)
    TIM10_BRK_IRQHandler                     0x080001e3   Thumb Code     0  startup_ch32f20x_d8.o(.text)
    TIM10_CC_IRQHandler                      0x080001e3   Thumb Code     0  startup_ch32f20x_d8.o(.text)
    TIM10_TRG_COM_IRQHandler                 0x080001e3   Thumb Code     0  startup_ch32f20x_d8.o(.text)
    TIM10_UP_IRQHandler                      0x080001e3   Thumb Code     0  startup_ch32f20x_d8.o(.text)
    TIM1_BRK_IRQHandler                      0x080001e3   Thumb Code     0  startup_ch32f20x_d8.o(.text)
    TIM1_CC_IRQHandler                       0x080001e3   Thumb Code     0  startup_ch32f20x_d8.o(.text)
    TIM1_TRG_COM_IRQHandler                  0x080001e3   Thumb Code     0  startup_ch32f20x_d8.o(.text)
    TIM1_UP_IRQHandler                       0x080001e3   Thumb Code     0  startup_ch32f20x_d8.o(.text)
    TIM2_IRQHandler                          0x080001e3   Thumb Code     0  startup_ch32f20x_d8.o(.text)
    TIM3_IRQHandler                          0x080001e3   Thumb Code     0  startup_ch32f20x_d8.o(.text)
    TIM4_IRQHandler                          0x080001e3   Thumb Code     0  startup_ch32f20x_d8.o(.text)
    TIM5_IRQHandler                          0x080001e3   Thumb Code     0  startup_ch32f20x_d8.o(.text)
    TIM7_IRQHandler                          0x080001e3   Thumb Code     0  startup_ch32f20x_d8.o(.text)
    TIM8_BRK_IRQHandler                      0x080001e3   Thumb Code     0  startup_ch32f20x_d8.o(.text)
    TIM8_CC_IRQHandler                       0x080001e3   Thumb Code     0  startup_ch32f20x_d8.o(.text)
    TIM8_TRG_COM_IRQHandler                  0x080001e3   Thumb Code     0  startup_ch32f20x_d8.o(.text)
    TIM8_UP_IRQHandler                       0x080001e3   Thumb Code     0  startup_ch32f20x_d8.o(.text)
    TIM9_BRK_IRQHandler                      0x080001e3   Thumb Code     0  startup_ch32f20x_d8.o(.text)
    TIM9_CC_IRQHandler                       0x080001e3   Thumb Code     0  startup_ch32f20x_d8.o(.text)
    TIM9_TRG_COM_IRQHandler                  0x080001e3   Thumb Code     0  startup_ch32f20x_d8.o(.text)
    TIM9_UP_IRQHandler                       0x080001e3   Thumb Code     0  startup_ch32f20x_d8.o(.text)
    UART4_IRQHandler                         0x080001e3   Thumb Code     0  startup_ch32f20x_d8.o(.text)
    UART5_IRQHandler                         0x080001e3   Thumb Code     0  startup_ch32f20x_d8.o(.text)
    UART6_IRQHandler                         0x080001e3   Thumb Code     0  startup_ch32f20x_d8.o(.text)
    UART7_IRQHandler                         0x080001e3   Thumb Code     0  startup_ch32f20x_d8.o(.text)
    UART8_IRQHandler                         0x080001e3   Thumb Code     0  startup_ch32f20x_d8.o(.text)
    USART1_IRQHandler                        0x080001e3   Thumb Code     0  startup_ch32f20x_d8.o(.text)
    USART2_IRQHandler                        0x080001e3   Thumb Code     0  startup_ch32f20x_d8.o(.text)
    USART3_IRQHandler                        0x080001e3   Thumb Code     0  startup_ch32f20x_d8.o(.text)
    USBWakeUp_IRQHandler                     0x080001e3   Thumb Code     0  startup_ch32f20x_d8.o(.text)
    USB_HP_CAN1_TX_IRQHandler                0x080001e3   Thumb Code     0  startup_ch32f20x_d8.o(.text)
    USB_LP_CAN1_RX0_IRQHandler               0x080001e3   Thumb Code     0  startup_ch32f20x_d8.o(.text)
    WWDG_IRQHandler                          0x080001e3   Thumb Code     0  startup_ch32f20x_d8.o(.text)
    __scatterload                            0x080001f5   Thumb Code    28  init.o(.text)
    __scatterload_rt2                        0x080001f5   Thumb Code     0  init.o(.text)
    BASIC_TIM_Init                           0x08000219   Thumb Code    12  basic_tim.o(i.BASIC_TIM_Init)
    BusFault_Handler                         0x0800028f   Thumb Code     4  ch32f20x_it.o(i.BusFault_Handler)
    Circuit                                  0x08000295   Thumb Code   116  moto.o(i.Circuit)
    DebugMon_Handler                         0x08000315   Thumb Code     4  ch32f20x_it.o(i.DebugMon_Handler)
    Encoder_Init                             0x08000319   Thumb Code    20  encoder.o(i.Encoder_Init)
    Encoder_Init1                            0x0800032d   Thumb Code   136  encoder.o(i.Encoder_Init1)
    Encoder_Init2                            0x080003b9   Thumb Code   160  encoder.o(i.Encoder_Init2)
    Encoder_Init3                            0x08000465   Thumb Code   130  encoder.o(i.Encoder_Init3)
    Encoder_Init4                            0x080004f1   Thumb Code   162  encoder.o(i.Encoder_Init4)
    GPIO_Init                                0x0800059d   Thumb Code   278  ch32f20x_gpio.o(i.GPIO_Init)
    GPIO_ResetBits                           0x080006b3   Thumb Code     4  ch32f20x_gpio.o(i.GPIO_ResetBits)
    GPIO_SetBits                             0x080006b7   Thumb Code     4  ch32f20x_gpio.o(i.GPIO_SetBits)
    GPIO_Toggle_INIT                         0x080006bd   Thumb Code    80  moto.o(i.GPIO_Toggle_INIT)
    HardFault_Handler                        0x08000715   Thumb Code     4  ch32f20x_it.o(i.HardFault_Handler)
    Left                                     0x08000719   Thumb Code   116  moto.o(i.Left)
    LeftForward                              0x08000799   Thumb Code   112  moto.o(i.LeftForward)
    MemManage_Handler                        0x08000815   Thumb Code     4  ch32f20x_it.o(i.MemManage_Handler)
    MotorBack                                0x08000819   Thumb Code   116  moto.o(i.MotorBack)
    MotorForward                             0x08000899   Thumb Code   116  moto.o(i.MotorForward)
    MotorLeft                                0x08000919   Thumb Code   116  moto.o(i.MotorLeft)
    MotorRight                               0x08000999   Thumb Code   116  moto.o(i.MotorRight)
    MotorStop                                0x08000a19   Thumb Code    36  moto.o(i.MotorStop)
    NMI_Handler                              0x08000a41   Thumb Code     4  ch32f20x_it.o(i.NMI_Handler)
    NVIC_Init                                0x08000a45   Thumb Code   100  ch32f20x_misc.o(i.NVIC_Init)
    NVIC_PriorityGroupConfig                 0x08000ab5   Thumb Code    10  ch32f20x_misc.o(i.NVIC_PriorityGroupConfig)
    PendSV_Handler                           0x08000ac9   Thumb Code     4  ch32f20x_it.o(i.PendSV_Handler)
    RCC_APB1PeriphClockCmd                   0x08000acd   Thumb Code    26  ch32f20x_rcc.o(i.RCC_APB1PeriphClockCmd)
    RCC_APB1PeriphResetCmd                   0x08000aed   Thumb Code    26  ch32f20x_rcc.o(i.RCC_APB1PeriphResetCmd)
    RCC_APB2PeriphClockCmd                   0x08000b0d   Thumb Code    26  ch32f20x_rcc.o(i.RCC_APB2PeriphClockCmd)
    RCC_APB2PeriphResetCmd                   0x08000b2d   Thumb Code    26  ch32f20x_rcc.o(i.RCC_APB2PeriphResetCmd)
    RCC_GetClocksFreq                        0x08000b4d   Thumb Code   248  ch32f20x_rcc.o(i.RCC_GetClocksFreq)
    Right                                    0x08000c5d   Thumb Code   116  moto.o(i.Right)
    RightForward                             0x08000cdd   Thumb Code   112  moto.o(i.RightForward)
    SVC_Handler                              0x08000d59   Thumb Code     4  ch32f20x_it.o(i.SVC_Handler)
    SysTick_Handler                          0x08000e21   Thumb Code     4  ch32f20x_it.o(i.SysTick_Handler)
    SystemInit                               0x08000e25   Thumb Code    92  system_ch32f20x.o(i.SystemInit)
    TIM3_CH3_PWM_Init                        0x08001121   Thumb Code   236  pwm.o(i.TIM3_CH3_PWM_Init)
    TIM6_IRQHandler                          0x08001219   Thumb Code    32  ch32f20x_it.o(i.TIM6_IRQHandler)
    TIM_ARRPreloadConfig                     0x08001241   Thumb Code    24  ch32f20x_tim.o(i.TIM_ARRPreloadConfig)
    TIM_ClearFlag                            0x08001259   Thumb Code     6  ch32f20x_tim.o(i.TIM_ClearFlag)
    TIM_ClearITPendingBit                    0x0800125f   Thumb Code     6  ch32f20x_tim.o(i.TIM_ClearITPendingBit)
    TIM_Cmd                                  0x08001265   Thumb Code    24  ch32f20x_tim.o(i.TIM_Cmd)
    TIM_CtrlPWMOutputs                       0x0800127d   Thumb Code    30  ch32f20x_tim.o(i.TIM_CtrlPWMOutputs)
    TIM_DeInit                               0x0800129d   Thumb Code   248  ch32f20x_tim.o(i.TIM_DeInit)
    TIM_EncoderInterfaceConfig               0x080013b9   Thumb Code    66  ch32f20x_tim.o(i.TIM_EncoderInterfaceConfig)
    TIM_GetITStatus                          0x080013fb   Thumb Code    34  ch32f20x_tim.o(i.TIM_GetITStatus)
    TIM_ICInit                               0x0800141d   Thumb Code   110  ch32f20x_tim.o(i.TIM_ICInit)
    TIM_ICStructInit                         0x0800148b   Thumb Code    18  ch32f20x_tim.o(i.TIM_ICStructInit)
    TIM_ITConfig                             0x0800149d   Thumb Code    18  ch32f20x_tim.o(i.TIM_ITConfig)
    TIM_OC1Init                              0x080014b1   Thumb Code   126  ch32f20x_tim.o(i.TIM_OC1Init)
    TIM_OC1PreloadConfig                     0x08001541   Thumb Code    18  ch32f20x_tim.o(i.TIM_OC1PreloadConfig)
    TIM_OC2Init                              0x08001555   Thumb Code   166  ch32f20x_tim.o(i.TIM_OC2Init)
    TIM_OC3Init                              0x0800160d   Thumb Code   162  ch32f20x_tim.o(i.TIM_OC3Init)
    TIM_OC4Init                              0x080016c1   Thumb Code   126  ch32f20x_tim.o(i.TIM_OC4Init)
    TIM_SetCompare1                          0x08001751   Thumb Code     4  ch32f20x_tim.o(i.TIM_SetCompare1)
    TIM_SetCompare2                          0x08001755   Thumb Code     4  ch32f20x_tim.o(i.TIM_SetCompare2)
    TIM_SetCompare3                          0x08001759   Thumb Code     4  ch32f20x_tim.o(i.TIM_SetCompare3)
    TIM_SetCompare4                          0x0800175d   Thumb Code     6  ch32f20x_tim.o(i.TIM_SetCompare4)
    TIM_SetCounter                           0x08001763   Thumb Code     4  ch32f20x_tim.o(i.TIM_SetCounter)
    TIM_SetIC1Prescaler                      0x08001767   Thumb Code    18  ch32f20x_tim.o(i.TIM_SetIC1Prescaler)
    TIM_SetIC2Prescaler                      0x08001779   Thumb Code    26  ch32f20x_tim.o(i.TIM_SetIC2Prescaler)
    TIM_SetIC3Prescaler                      0x08001793   Thumb Code    18  ch32f20x_tim.o(i.TIM_SetIC3Prescaler)
    TIM_SetIC4Prescaler                      0x080017a5   Thumb Code    26  ch32f20x_tim.o(i.TIM_SetIC4Prescaler)
    TIM_TimeBaseInit                         0x080017c1   Thumb Code   128  ch32f20x_tim.o(i.TIM_TimeBaseInit)
    TIM_TimeBaseStructInit                   0x08001865   Thumb Code    18  ch32f20x_tim.o(i.TIM_TimeBaseStructInit)
    USART_Cmd                                0x08001877   Thumb Code    24  ch32f20x_usart.o(i.USART_Cmd)
    USART_GetFlagStatus                      0x0800188f   Thumb Code    18  ch32f20x_usart.o(i.USART_GetFlagStatus)
    USART_ITConfig                           0x080018a1   Thumb Code    64  ch32f20x_usart.o(i.USART_ITConfig)
    USART_Init                               0x080018e1   Thumb Code   204  ch32f20x_usart.o(i.USART_Init)
    USART_ReceiveData                        0x080019b1   Thumb Code    10  ch32f20x_usart.o(i.USART_ReceiveData)
    USART_SendData                           0x080019bb   Thumb Code     8  ch32f20x_usart.o(i.USART_SendData)
    USARTx_CFG                               0x080019c5   Thumb Code   150  usart.o(i.USARTx_CFG)
    UsageFault_Handler                       0x08001a65   Thumb Code     4  ch32f20x_it.o(i.UsageFault_Handler)
    __0printf$2                              0x08001a69   Thumb Code    22  printf2.o(i.__0printf$2)
    __1printf$2                              0x08001a69   Thumb Code     0  printf2.o(i.__0printf$2)
    __2printf                                0x08001a69   Thumb Code     0  printf2.o(i.__0printf$2)
    __scatterload_copy                       0x08001a89   Thumb Code    14  handlers.o(i.__scatterload_copy)
    __scatterload_null                       0x08001a97   Thumb Code     2  handlers.o(i.__scatterload_null)
    __scatterload_zeroinit                   0x08001a99   Thumb Code    14  handlers.o(i.__scatterload_zeroinit)
    fgetc                                    0x08001b7d   Thumb Code    26  debug.o(i.fgetc)
    fputc                                    0x08001b9d   Thumb Code    32  debug.o(i.fputc)
    getc                                     0x08001bc1   Thumb Code     4  getc.o(i.getc)
    main                                     0x08001bc5   Thumb Code   160  main.o(i.main)
    Region$$Table$$Base                      0x08001c6c   Number         0  anon$$obj.o(Region$$Table)
    Region$$Table$$Limit                     0x08001c8c   Number         0  anon$$obj.o(Region$$Table)
    time                                     0x20000000   Data           4  main.o(.data)
    __stdout                                 0x20000004   Data           4  debug.o(.data)
    __stdin                                  0x20000020   Data           4  stdin.o(.data)
    __initial_sp                             0x20000428   Data           0  startup_ch32f20x_d8.o(STACK)



==============================================================================

Memory Map of the image

  Image Entry point : 0x080001a1

  Load Region LR_IROM1 (Base: 0x08000000, Size: 0x00001cb0, Max: 0x00040000, ABSOLUTE)

    Execution Region ER_IROM1 (Exec base: 0x08000000, Load base: 0x08000000, Size: 0x00001c8c, Max: 0x00040000, ABSOLUTE)

    Exec Addr    Load Addr    Size         Type   Attr      Idx    E Section Name        Object

    0x08000000   0x08000000   0x000001a0   Data   RO          462    RESET               startup_ch32f20x_d8.o
    0x080001a0   0x080001a0   0x00000000   Code   RO         3714  * .ARM.Collect$$$$00000000  mc_w.l(entry.o)
    0x080001a0   0x080001a0   0x00000004   Code   RO         3995    .ARM.Collect$$$$00000001  mc_w.l(entry2.o)
    0x080001a4   0x080001a4   0x00000004   Code   RO         3998    .ARM.Collect$$$$00000004  mc_w.l(entry5.o)
    0x080001a8   0x080001a8   0x00000000   Code   RO         4000    .ARM.Collect$$$$00000008  mc_w.l(entry7b.o)
    0x080001a8   0x080001a8   0x00000000   Code   RO         4002    .ARM.Collect$$$$0000000A  mc_w.l(entry8b.o)
    0x080001a8   0x080001a8   0x00000008   Code   RO         4003    .ARM.Collect$$$$0000000B  mc_w.l(entry9a.o)
    0x080001b0   0x080001b0   0x00000000   Code   RO         4005    .ARM.Collect$$$$0000000D  mc_w.l(entry10a.o)
    0x080001b0   0x080001b0   0x00000000   Code   RO         4007    .ARM.Collect$$$$0000000F  mc_w.l(entry11a.o)
    0x080001b0   0x080001b0   0x00000004   Code   RO         3996    .ARM.Collect$$$$00002712  mc_w.l(entry2.o)
    0x080001b4   0x080001b4   0x00000040   Code   RO          463    .text               startup_ch32f20x_d8.o
    0x080001f4   0x080001f4   0x00000024   Code   RO         4028    .text               mc_w.l(init.o)
    0x08000218   0x08000218   0x0000000c   Code   RO          435    i.BASIC_TIM_Init    basic_tim.o
    0x08000224   0x08000224   0x00000040   Code   RO          436    i.BASIC_TIM_Mode_Config  basic_tim.o
    0x08000264   0x08000264   0x0000002a   Code   RO          437    i.BASIC_TIM_NVIC_Config  basic_tim.o
    0x0800028e   0x0800028e   0x00000004   Code   RO            1    i.BusFault_Handler  ch32f20x_it.o
    0x08000292   0x08000292   0x00000002   PAD
    0x08000294   0x08000294   0x00000080   Code   RO          269    i.Circuit           moto.o
    0x08000314   0x08000314   0x00000004   Code   RO            2    i.DebugMon_Handler  ch32f20x_it.o
    0x08000318   0x08000318   0x00000014   Code   RO          230    i.Encoder_Init      encoder.o
    0x0800032c   0x0800032c   0x0000008c   Code   RO          231    i.Encoder_Init1     encoder.o
    0x080003b8   0x080003b8   0x000000ac   Code   RO          232    i.Encoder_Init2     encoder.o
    0x08000464   0x08000464   0x0000008c   Code   RO          233    i.Encoder_Init3     encoder.o
    0x080004f0   0x080004f0   0x000000ac   Code   RO          234    i.Encoder_Init4     encoder.o
    0x0800059c   0x0800059c   0x00000116   Code   RO         1615    i.GPIO_Init         ch32f20x_gpio.o
    0x080006b2   0x080006b2   0x00000004   Code   RO         1622    i.GPIO_ResetBits    ch32f20x_gpio.o
    0x080006b6   0x080006b6   0x00000004   Code   RO         1623    i.GPIO_SetBits      ch32f20x_gpio.o
    0x080006ba   0x080006ba   0x00000002   PAD
    0x080006bc   0x080006bc   0x00000058   Code   RO          270    i.GPIO_Toggle_INIT  moto.o
    0x08000714   0x08000714   0x00000004   Code   RO            3    i.HardFault_Handler  ch32f20x_it.o
    0x08000718   0x08000718   0x00000080   Code   RO          271    i.Left              moto.o
    0x08000798   0x08000798   0x0000007c   Code   RO          272    i.LeftForward       moto.o
    0x08000814   0x08000814   0x00000004   Code   RO            4    i.MemManage_Handler  ch32f20x_it.o
    0x08000818   0x08000818   0x00000080   Code   RO          273    i.MotorBack         moto.o
    0x08000898   0x08000898   0x00000080   Code   RO          274    i.MotorForward      moto.o
    0x08000918   0x08000918   0x00000080   Code   RO          275    i.MotorLeft         moto.o
    0x08000998   0x08000998   0x00000080   Code   RO          276    i.MotorRight        moto.o
    0x08000a18   0x08000a18   0x00000028   Code   RO          277    i.MotorStop         moto.o
    0x08000a40   0x08000a40   0x00000004   Code   RO            5    i.NMI_Handler       ch32f20x_it.o
    0x08000a44   0x08000a44   0x00000070   Code   RO         1969    i.NVIC_Init         ch32f20x_misc.o
    0x08000ab4   0x08000ab4   0x00000014   Code   RO         1970    i.NVIC_PriorityGroupConfig  ch32f20x_misc.o
    0x08000ac8   0x08000ac8   0x00000004   Code   RO            6    i.PendSV_Handler    ch32f20x_it.o
    0x08000acc   0x08000acc   0x00000020   Code   RO         2145    i.RCC_APB1PeriphClockCmd  ch32f20x_rcc.o
    0x08000aec   0x08000aec   0x00000020   Code   RO         2146    i.RCC_APB1PeriphResetCmd  ch32f20x_rcc.o
    0x08000b0c   0x08000b0c   0x00000020   Code   RO         2147    i.RCC_APB2PeriphClockCmd  ch32f20x_rcc.o
    0x08000b2c   0x08000b2c   0x00000020   Code   RO         2148    i.RCC_APB2PeriphResetCmd  ch32f20x_rcc.o
    0x08000b4c   0x08000b4c   0x00000110   Code   RO         2158    i.RCC_GetClocksFreq  ch32f20x_rcc.o
    0x08000c5c   0x08000c5c   0x00000080   Code   RO          283    i.Right             moto.o
    0x08000cdc   0x08000cdc   0x0000007c   Code   RO          284    i.RightForward      moto.o
    0x08000d58   0x08000d58   0x00000004   Code   RO            7    i.SVC_Handler       ch32f20x_it.o
    0x08000d5c   0x08000d5c   0x00000008   Code   RO          196    i.SetSysClock       system_ch32f20x.o
    0x08000d64   0x08000d64   0x000000bc   Code   RO          197    i.SetSysClockTo72   system_ch32f20x.o
    0x08000e20   0x08000e20   0x00000004   Code   RO            8    i.SysTick_Handler   ch32f20x_it.o
    0x08000e24   0x08000e24   0x0000006c   Code   RO          199    i.SystemInit        system_ch32f20x.o
    0x08000e90   0x08000e90   0x00000094   Code   RO         2932    i.TI1_Config        ch32f20x_tim.o
    0x08000f24   0x08000f24   0x000000ac   Code   RO         2933    i.TI2_Config        ch32f20x_tim.o
    0x08000fd0   0x08000fd0   0x000000a4   Code   RO         2934    i.TI3_Config        ch32f20x_tim.o
    0x08001074   0x08001074   0x000000ac   Code   RO         2935    i.TI4_Config        ch32f20x_tim.o
    0x08001120   0x08001120   0x000000f8   Code   RO          381    i.TIM3_CH3_PWM_Init  pwm.o
    0x08001218   0x08001218   0x00000028   Code   RO            9    i.TIM6_IRQHandler   ch32f20x_it.o
    0x08001240   0x08001240   0x00000018   Code   RO         2936    i.TIM_ARRPreloadConfig  ch32f20x_tim.o
    0x08001258   0x08001258   0x00000006   Code   RO         2942    i.TIM_ClearFlag     ch32f20x_tim.o
    0x0800125e   0x0800125e   0x00000006   Code   RO         2943    i.TIM_ClearITPendingBit  ch32f20x_tim.o
    0x08001264   0x08001264   0x00000018   Code   RO         2948    i.TIM_Cmd           ch32f20x_tim.o
    0x0800127c   0x0800127c   0x0000001e   Code   RO         2950    i.TIM_CtrlPWMOutputs  ch32f20x_tim.o
    0x0800129a   0x0800129a   0x00000002   PAD
    0x0800129c   0x0800129c   0x0000011c   Code   RO         2953    i.TIM_DeInit        ch32f20x_tim.o
    0x080013b8   0x080013b8   0x00000042   Code   RO         2957    i.TIM_EncoderInterfaceConfig  ch32f20x_tim.o
    0x080013fa   0x080013fa   0x00000022   Code   RO         2969    i.TIM_GetITStatus   ch32f20x_tim.o
    0x0800141c   0x0800141c   0x0000006e   Code   RO         2971    i.TIM_ICInit        ch32f20x_tim.o
    0x0800148a   0x0800148a   0x00000012   Code   RO         2972    i.TIM_ICStructInit  ch32f20x_tim.o
    0x0800149c   0x0800149c   0x00000012   Code   RO         2973    i.TIM_ITConfig      ch32f20x_tim.o
    0x080014ae   0x080014ae   0x00000002   PAD
    0x080014b0   0x080014b0   0x00000090   Code   RO         2977    i.TIM_OC1Init       ch32f20x_tim.o
    0x08001540   0x08001540   0x00000012   Code   RO         2980    i.TIM_OC1PreloadConfig  ch32f20x_tim.o
    0x08001552   0x08001552   0x00000002   PAD
    0x08001554   0x08001554   0x000000b8   Code   RO         2982    i.TIM_OC2Init       ch32f20x_tim.o
    0x0800160c   0x0800160c   0x000000b4   Code   RO         2987    i.TIM_OC3Init       ch32f20x_tim.o
    0x080016c0   0x080016c0   0x00000090   Code   RO         2992    i.TIM_OC4Init       ch32f20x_tim.o
    0x08001750   0x08001750   0x00000004   Code   RO         3009    i.TIM_SetCompare1   ch32f20x_tim.o
    0x08001754   0x08001754   0x00000004   Code   RO         3010    i.TIM_SetCompare2   ch32f20x_tim.o
    0x08001758   0x08001758   0x00000004   Code   RO         3011    i.TIM_SetCompare3   ch32f20x_tim.o
    0x0800175c   0x0800175c   0x00000006   Code   RO         3012    i.TIM_SetCompare4   ch32f20x_tim.o
    0x08001762   0x08001762   0x00000004   Code   RO         3013    i.TIM_SetCounter    ch32f20x_tim.o
    0x08001766   0x08001766   0x00000012   Code   RO         3014    i.TIM_SetIC1Prescaler  ch32f20x_tim.o
    0x08001778   0x08001778   0x0000001a   Code   RO         3015    i.TIM_SetIC2Prescaler  ch32f20x_tim.o
    0x08001792   0x08001792   0x00000012   Code   RO         3016    i.TIM_SetIC3Prescaler  ch32f20x_tim.o
    0x080017a4   0x080017a4   0x0000001a   Code   RO         3017    i.TIM_SetIC4Prescaler  ch32f20x_tim.o
    0x080017be   0x080017be   0x00000002   PAD
    0x080017c0   0x080017c0   0x000000a4   Code   RO         3019    i.TIM_TimeBaseInit  ch32f20x_tim.o
    0x08001864   0x08001864   0x00000012   Code   RO         3020    i.TIM_TimeBaseStructInit  ch32f20x_tim.o
    0x08001876   0x08001876   0x00000018   Code   RO         3484    i.USART_Cmd         ch32f20x_usart.o
    0x0800188e   0x0800188e   0x00000012   Code   RO         3487    i.USART_GetFlagStatus  ch32f20x_usart.o
    0x080018a0   0x080018a0   0x00000040   Code   RO         3490    i.USART_ITConfig    ch32f20x_usart.o
    0x080018e0   0x080018e0   0x000000d0   Code   RO         3491    i.USART_Init        ch32f20x_usart.o
    0x080019b0   0x080019b0   0x0000000a   Code   RO         3498    i.USART_ReceiveData  ch32f20x_usart.o
    0x080019ba   0x080019ba   0x00000008   Code   RO         3501    i.USART_SendData    ch32f20x_usart.o
    0x080019c2   0x080019c2   0x00000002   PAD
    0x080019c4   0x080019c4   0x000000a0   Code   RO          396    i.USARTx_CFG        usart.o
    0x08001a64   0x08001a64   0x00000004   Code   RO           10    i.UsageFault_Handler  ch32f20x_it.o
    0x08001a68   0x08001a68   0x00000020   Code   RO         3787    i.__0printf$2       mc_w.l(printf2.o)
    0x08001a88   0x08001a88   0x0000000e   Code   RO         4036    i.__scatterload_copy  mc_w.l(handlers.o)
    0x08001a96   0x08001a96   0x00000002   Code   RO         4037    i.__scatterload_null  mc_w.l(handlers.o)
    0x08001a98   0x08001a98   0x0000000e   Code   RO         4038    i.__scatterload_zeroinit  mc_w.l(handlers.o)
    0x08001aa6   0x08001aa6   0x000000d6   Code   RO         3794    i._printf_core      mc_w.l(printf2.o)
    0x08001b7c   0x08001b7c   0x00000020   Code   RO          482    i.fgetc             debug.o
    0x08001b9c   0x08001b9c   0x00000024   Code   RO          483    i.fputc             debug.o
    0x08001bc0   0x08001bc0   0x00000004   Code   RO         3717    i.getc              mc_w.l(getc.o)
    0x08001bc4   0x08001bc4   0x000000a8   Code   RO          159    i.main              main.o
    0x08001c6c   0x08001c6c   0x00000020   Data   RO         4034    Region$$Table       anon$$obj.o


    Execution Region RW_IRAM1 (Exec base: 0x20000000, Load base: 0x08001c8c, Size: 0x00000428, Max: 0x00008000, ABSOLUTE)

    Exec Addr    Load Addr    Size         Type   Attr      Idx    E Section Name        Object

    0x20000000   0x08001c8c   0x00000004   Data   RW          160    .data               main.o
    0x20000004   0x08001c90   0x00000008   Data   RW          484    .data               debug.o
    0x2000000c   0x08001c98   0x00000014   Data   RW         2193    .data               ch32f20x_rcc.o
    0x20000020   0x08001cac   0x00000004   Data   RW         3719    .data               mc_w.l(stdin.o)
    0x20000024   0x08001cb0   0x00000004   PAD
    0x20000028        -       0x00000400   Zero   RW          460    STACK               startup_ch32f20x_d8.o


==============================================================================

Image component sizes


      Code (inc. data)   RO Data    RW Data    ZI Data      Debug   Object Name

       118          4          0          0          0       1385   basic_tim.o
       286          0          0          0          0       2676   ch32f20x_gpio.o
        76          8          0          0          0     189584   ch32f20x_it.o
       132         22          0          0          0       1615   ch32f20x_misc.o
       400         48          0         20          0       5244   ch32f20x_rcc.o
      2238        262          0          0          0      19785   ch32f20x_tim.o
       332          4          0          0          0       5437   ch32f20x_usart.o
        68         10          0          8          0       2806   debug.o
       644         36          0          0          0       2967   encoder.o
       168          8          0          4          0       1206   main.o
      1272        120          0          0          0       5105   moto.o
       248         12          0          0          0        848   pwm.o
        64         16        416          0       1024        836   startup_ch32f20x_d8.o
       304         22          0          0          0       1749   system_ch32f20x.o
       160         10          0          0          0        593   usart.o

    ----------------------------------------------------------------------
      6524        582        448         32       1024     241836   Object Totals
         0          0         32          0          0          0   (incl. Generated)
        14          0          0          0          0          0   (incl. Padding)

    ----------------------------------------------------------------------

      Code (inc. data)   RO Data    RW Data    ZI Data      Debug   Library Member Name

         0          0          0          0          0          0   entry.o
         0          0          0          0          0          0   entry10a.o
         0          0          0          0          0          0   entry11a.o
         8          4          0          0          0          0   entry2.o
         4          0          0          0          0          0   entry5.o
         0          0          0          0          0          0   entry7b.o
         0          0          0          0          0          0   entry8b.o
         8          4          0          0          0          0   entry9a.o
         4          0          0          0          0         68   getc.o
        30          0          0          0          0          0   handlers.o
        36          8          0          0          0         68   init.o
       246         10          0          0          0        176   printf2.o
         0          0          0          4          0          0   stdin.o

    ----------------------------------------------------------------------
       336         26          0          4          4        312   Library Totals
         0          0          0          0          4          0   (incl. Padding)

    ----------------------------------------------------------------------

      Code (inc. data)   RO Data    RW Data    ZI Data      Debug   Library Name

       336         26          0          4          0        312   mc_w.l

    ----------------------------------------------------------------------
       336         26          0          4          4        312   Library Totals

    ----------------------------------------------------------------------

==============================================================================


      Code (inc. data)   RO Data    RW Data    ZI Data      Debug   

      6860        608        448         36       1028     237984   Grand Totals
      6860        608        448         36       1028     237984   ELF Image Totals
      6860        608        448         36          0          0   ROM Totals

==============================================================================

    Total RO  Size (Code + RO Data)                 7308 (   7.14kB)
    Total RW  Size (RW Data + ZI Data)              1064 (   1.04kB)
    Total ROM Size (Code + RO Data + RW Data)       7344 (   7.17kB)

==============================================================================

